129 cases x 2 backends x 2 passes, rust threads default, OpenBLAS threads default, malloc default, kernel overrides default
median (min-max) µs per call over 9 loops of ~20 ms; faults = minor page faults per call
pass shape                op                         batch backend malloc     median           min-max  faults
   1 conv tail 32 x 5408  forward                        - numpy   default      29.5         29.5-30.1     0.0
   1 conv tail 32 x 5408  forward                        - rust    default      19.1         19.1-19.2     0.0
   1 conv tail 32 x 5408  downstream                     - numpy   default      23.6         23.5-23.9     0.0
   1 conv tail 32 x 5408  downstream                     - rust    default      20.7         20.7-20.8     0.0
   1 conv tail 32 x 5408  hidden_delta                   - numpy   default      31.5         31.4-32.0     0.0
   1 conv tail 32 x 5408  hidden_delta                   - rust    default      23.2         23.1-23.6     0.0
   1 conv tail 32 x 5408  accumulate_gradient            - numpy   default      84.6         84.4-86.4     0.0
   1 conv tail 32 x 5408  accumulate_gradient            - rust    default      53.4         53.2-54.2     0.0
   1 conv tail 32 x 5408  apply_accumulated_gradient     - numpy   default     184.3       183.9-185.4     0.0
   1 conv tail 32 x 5408  apply_accumulated_gradient     - rust    default     106.9       106.6-107.1     0.0
   1 conv tail 32 x 5408  sgd step                       - numpy   default     264.8       264.4-276.5     0.0
   1 conv tail 32 x 5408  sgd step                       - rust    default      58.1         57.4-59.1     0.0
   1 conv tail 32 x 5408  forward_batch                 32 numpy   default     145.0       144.2-155.7     0.0
   1 conv tail 32 x 5408  forward_batch                 32 rust    default     375.2       368.2-378.4     0.0
   1 conv tail 32 x 5408  forward_batch                512 numpy   default    1174.5     1171.3-1193.8     0.0
   1 conv tail 32 x 5408  forward_batch                512 rust    default    1770.4     1664.1-1929.0     0.1
   1 conv tail 32 x 5408  downstream_batch              32 numpy   default      78.4         76.5-79.1     0.0
   1 conv tail 32 x 5408  downstream_batch              32 rust    default     241.2       237.3-245.3     0.0
   1 conv tail 32 x 5408  downstream_batch             512 numpy   default    3270.5     3262.1-3289.5     0.0
   1 conv tail 32 x 5408  downstream_batch             512 rust    default    2472.8     2464.5-2727.2     0.0
   1 conv tail 32 x 5408  hidden_delta_batch            32 numpy   default     642.5       636.4-654.3   320.8
   1 conv tail 32 x 5408  hidden_delta_batch            32 rust    default     317.5       316.3-325.7     0.0
   1 conv tail 32 x 5408  hidden_delta_batch           512 numpy   default   12469.4   12451.6-12528.9   537.5
   1 conv tail 32 x 5408  hidden_delta_batch           512 rust    default    5837.8     5610.1-6321.1     0.0
   1 conv tail 32 x 5408  accumulate_gradient_batch     32 numpy   default     165.0       146.1-174.3     0.0
   1 conv tail 32 x 5408  accumulate_gradient_batch     32 rust    default     271.2       267.1-276.7     0.0
   1 conv tail 32 x 5408  accumulate_gradient_batch    512 numpy   default    1821.8     1813.9-1834.2     0.0
   1 conv tail 32 x 5408  accumulate_gradient_batch    512 rust    default    2312.5     2171.9-2905.5     0.1
   1 dense 30 x 784       forward                        - numpy   default       8.5           8.4-8.9     0.0
   1 dense 30 x 784       forward                        - rust    default       2.3           2.3-2.3     0.0
   1 dense 30 x 784       downstream                     - numpy   default       3.4           3.3-3.5     0.0
   1 dense 30 x 784       downstream                     - rust    default       2.7           2.7-2.7     0.0
   1 dense 30 x 784       hidden_delta                   - numpy   default       6.7           6.7-6.7     0.0
   1 dense 30 x 784       hidden_delta                   - rust    default       3.2           3.2-3.2     0.0
   1 dense 30 x 784       accumulate_gradient            - numpy   default      27.1         27.0-27.3     0.0
   1 dense 30 x 784       accumulate_gradient            - rust    default       7.1           7.1-7.3     0.0
   1 dense 30 x 784       apply_accumulated_gradient     - numpy   default      31.0         30.9-31.3     0.0
   1 dense 30 x 784       apply_accumulated_gradient     - rust    default      17.0         16.9-17.0     0.0
   1 dense 30 x 784       sgd step                       - numpy   default      58.9         58.8-59.6     0.0
   1 dense 30 x 784       sgd step                       - rust    default       7.4           7.3-7.4     0.0
   1 dense 30 x 784       forward_batch                 32 numpy   default      38.3         38.2-38.5     0.0
   1 dense 30 x 784       forward_batch                 32 rust    default      44.5         44.3-45.1     0.0
   1 dense 30 x 784       forward_batch                512 numpy   default     267.9       257.7-270.5     0.0
   1 dense 30 x 784       forward_batch                512 rust    default     327.0       322.2-364.8     0.0
   1 dense 30 x 784       downstream_batch              32 numpy   default      23.9         23.6-24.6     0.0
   1 dense 30 x 784       downstream_batch              32 rust    default      28.3         27.8-28.4     0.0
   1 dense 30 x 784       downstream_batch             512 numpy   default     132.6       121.3-136.0     0.0
   1 dense 30 x 784       downstream_batch             512 rust    default     245.6       238.6-249.7     0.0
   1 dense 30 x 784       hidden_delta_batch            32 numpy   default      56.9         56.7-59.6     0.0
   1 dense 30 x 784       hidden_delta_batch            32 rust    default      38.5         38.0-38.6     0.0
   1 dense 30 x 784       hidden_delta_batch           512 numpy   default    1778.2     1768.8-1794.8   768.0
   1 dense 30 x 784       hidden_delta_batch           512 rust    default     507.8       495.8-575.7     0.0
   1 dense 30 x 784       accumulate_gradient_batch     32 numpy   default      40.0         40.0-41.3     0.0
   1 dense 30 x 784       accumulate_gradient_batch     32 rust    default      39.3         39.1-39.6     0.0
   1 dense 30 x 784       accumulate_gradient_batch    512 numpy   default     220.5       219.7-223.8     0.0
   1 dense 30 x 784       accumulate_gradient_batch    512 rust    default     309.4       301.2-329.8     0.0
   1 dense 10 x 30        forward                        - numpy   default       4.6           4.6-4.8     0.0
   1 dense 10 x 30        forward                        - rust    default       0.3           0.3-0.3     0.0
   1 dense 10 x 30        downstream                     - numpy   default       0.9           0.8-0.9     0.0
   1 dense 10 x 30        downstream                     - rust    default       0.2           0.2-0.2     0.0
   1 dense 10 x 30        hidden_delta                   - numpy   default       2.3           2.2-2.3     0.0
   1 dense 10 x 30        hidden_delta                   - rust    default       0.4           0.4-0.4     0.0
   1 dense 10 x 30        accumulate_gradient            - numpy   default       2.8           2.7-2.8     0.0
   1 dense 10 x 30        accumulate_gradient            - rust    default       0.4           0.4-0.4     0.0
   1 dense 10 x 30        apply_accumulated_gradient     - numpy   default       4.4           4.4-4.5     0.0
   1 dense 10 x 30        apply_accumulated_gradient     - rust    default       2.2           2.2-2.2     0.0
   1 dense 10 x 30        sgd step                       - numpy   default       8.3           8.2-8.4     0.0
   1 dense 10 x 30        sgd step                       - rust    default       0.5           0.4-0.5     0.0
   1 dense 10 x 30        forward_batch                 32 numpy   default       9.8          9.7-10.1     0.0
   1 dense 10 x 30        forward_batch                 32 rust    default       3.2           3.1-3.2     0.0
   1 dense 10 x 30        forward_batch                512 numpy   default      55.0         54.8-56.3     0.0
   1 dense 10 x 30        forward_batch                512 rust    default      44.7         43.4-45.5     0.0
   1 dense 10 x 30        downstream_batch              32 numpy   default       1.8           1.8-1.8     0.0
   1 dense 10 x 30        downstream_batch              32 rust    default       1.1           1.1-1.1     0.0
   1 dense 10 x 30        downstream_batch             512 numpy   default      12.1         11.9-12.3     0.0
   1 dense 10 x 30        downstream_batch             512 rust    default      16.4         16.1-16.7     0.0
   1 dense 10 x 30        hidden_delta_batch            32 numpy   default       4.9           4.9-5.0     0.0
   1 dense 10 x 30        hidden_delta_batch            32 rust    default       1.7           1.7-1.7     0.0
   1 dense 10 x 30        hidden_delta_batch           512 numpy   default      35.8         35.7-35.9     0.0
   1 dense 10 x 30        hidden_delta_batch           512 rust    default      22.4         22.1-22.8     0.0
   1 dense 10 x 30        accumulate_gradient_batch     32 numpy   default       4.7           4.5-4.8     0.0
   1 dense 10 x 30        accumulate_gradient_batch     32 rust    default       1.9           1.9-1.9     0.0
   1 dense 10 x 30        accumulate_gradient_batch    512 numpy   default      25.3         25.0-25.8     0.0
   1 dense 10 x 30        accumulate_gradient_batch    512 rust    default      32.8         32.8-33.0     0.0
   1 conv 28x28, 8 ch     forward                        - numpy   default      54.5         54.3-54.7     0.0
   1 conv 28x28, 8 ch     forward                        - rust    default      21.4         21.4-21.6     0.0
   1 conv 28x28, 8 ch     downstream                     - numpy   default      39.5         39.4-40.4     0.0
   1 conv 28x28, 8 ch     downstream                     - rust    default      17.3         16.7-17.4     0.0
   1 conv 28x28, 8 ch     accumulate_gradient            - numpy   default      36.5         36.0-36.6     0.0
   1 conv 28x28, 8 ch     accumulate_gradient            - rust    default      15.9         15.8-16.1     0.0
   1 conv 28x28, 8 ch     forward_batch                 32 numpy   default     947.7       938.9-956.1   144.4
   1 conv 28x28, 8 ch     forward_batch                 32 rust    default     654.0       648.3-669.8     0.0
   1 conv 28x28, 8 ch     forward_batch                512 numpy   default   17151.9   16363.1-18195.6   339.4
   1 conv 28x28, 8 ch     forward_batch                512 rust    default   10630.8   10546.8-15327.6   676.0
   1 conv 28x28, 8 ch     downstream_batch              32 numpy   default     597.1       595.1-604.1     0.0
   1 conv 28x28, 8 ch     downstream_batch              32 rust    default     585.1       578.0-597.1     0.0
   1 conv 28x28, 8 ch     downstream_batch             512 numpy   default   16454.9   16383.8-16578.4     0.0
   1 conv 28x28, 8 ch     downstream_batch             512 rust    default   11230.3   11058.7-11491.7     0.0
   1 conv 28x28, 8 ch     accumulate_gradient_batch     32 numpy   default    1184.5     1181.4-1200.6     0.0
   1 conv 28x28, 8 ch     accumulate_gradient_batch     32 rust    default     532.0       531.3-533.5     0.0
   1 conv 28x28, 8 ch     accumulate_gradient_batch    512 numpy   default   21492.2   21297.8-21628.7     0.0
   1 conv 28x28, 8 ch     accumulate_gradient_batch    512 rust    default   11761.1   11740.1-11863.2     0.0
   1 conv 8x8, 8 ch       forward                        - numpy   default      26.7         26.6-27.2     0.0
   1 conv 8x8, 8 ch       forward                        - rust    default       1.7           1.6-1.7     0.0
   1 conv 8x8, 8 ch       downstream                     - numpy   default      20.7         20.5-21.3     0.0
   1 conv 8x8, 8 ch       downstream                     - rust    default       1.1           1.1-1.1     0.0
   1 conv 8x8, 8 ch       accumulate_gradient            - numpy   default       7.2           7.1-7.4     0.0
   1 conv 8x8, 8 ch       accumulate_gradient            - rust    default       1.2           1.2-1.2     0.0
   1 conv 8x8, 8 ch       forward_batch                 32 numpy   default      70.6         70.5-70.9     0.0
   1 conv 8x8, 8 ch       forward_batch                 32 rust    default      36.7         35.9-37.1     0.0
   1 conv 8x8, 8 ch       forward_batch                512 numpy   default     861.3       843.7-882.3   123.4
   1 conv 8x8, 8 ch       forward_batch                512 rust    default     577.5       571.2-581.4     0.0
   1 conv 8x8, 8 ch       downstream_batch              32 numpy   default      63.2         62.8-65.1     0.0
   1 conv 8x8, 8 ch       downstream_batch              32 rust    default      28.1         27.8-28.3     0.0
   1 conv 8x8, 8 ch       downstream_batch             512 numpy   default     691.2       689.8-701.8     0.0
   1 conv 8x8, 8 ch       downstream_batch             512 rust    default     461.0       456.3-465.2     0.0
   1 conv 8x8, 8 ch       accumulate_gradient_batch     32 numpy   default      93.2         92.3-93.8     0.0
   1 conv 8x8, 8 ch       accumulate_gradient_batch     32 rust    default      27.5         27.5-27.8     0.0
   1 conv 8x8, 8 ch       accumulate_gradient_batch    512 numpy   default    1387.5     1373.5-1394.4     0.0
   1 conv 8x8, 8 ch       accumulate_gradient_batch    512 rust    default     459.3       456.8-467.4     0.0
   1 conv 13x13x8, 8 ch   forward                        - numpy   default      49.1         49.0-49.8     0.0
   1 conv 13x13x8, 8 ch   forward                        - rust    default      21.4         21.4-21.6     0.0
   1 conv 13x13x8, 8 ch   downstream                     - numpy   default      51.1         50.9-52.9     0.0
   1 conv 13x13x8, 8 ch   downstream                     - rust    default      12.1         11.9-12.2     0.0
   1 conv 13x13x8, 8 ch   accumulate_gradient            - numpy   default      23.5         22.9-23.9     0.0
   1 conv 13x13x8, 8 ch   accumulate_gradient            - rust    default       4.9           4.9-4.9     0.0
   1 conv 13x13x8, 8 ch   forward_batch                 32 numpy   default     989.9       988.6-997.4   372.3
   1 conv 13x13x8, 8 ch   forward_batch                 32 rust    default     635.6       634.6-642.0     0.0
   1 conv 13x13x8, 8 ch   forward_batch                512 numpy   default   13995.7   13893.0-14278.7   253.1
   1 conv 13x13x8, 8 ch   forward_batch                512 rust    default   18348.0   18276.1-18613.0  8713.0
   1 conv 13x13x8, 8 ch   downstream_batch              32 numpy   default     912.4       910.5-919.9     0.0
   1 conv 13x13x8, 8 ch   downstream_batch              32 rust    default     398.0       393.1-404.6     0.0
   1 conv 13x13x8, 8 ch   downstream_batch             512 numpy   default   25511.9   25372.7-25925.1    26.0
   1 conv 13x13x8, 8 ch   downstream_batch             512 rust    default   10317.6   10109.2-11305.9  8713.0
   1 conv 13x13x8, 8 ch   accumulate_gradient_batch     32 numpy   default     599.2       588.0-608.7     0.0
   1 conv 13x13x8, 8 ch   accumulate_gradient_batch     32 rust    default     172.4       172.3-175.2     0.0
   1 conv 13x13x8, 8 ch   accumulate_gradient_batch    512 numpy   default   10340.5   10212.3-10575.3     0.0
   1 conv 13x13x8, 8 ch   accumulate_gradient_batch    512 rust    default    2646.6     2624.8-2682.7     0.1
   1 conv 26x26x8/2, 8 ch forward                        - numpy   default      53.5         53.2-55.7     0.0
   1 conv 26x26x8/2, 8 ch forward                        - rust    default      25.4         25.4-25.6     0.0
   1 conv 26x26x8/2, 8 ch downstream                     - numpy   default      58.9         58.6-59.2     0.0
   1 conv 26x26x8/2, 8 ch downstream                     - rust    default      14.7         14.4-14.7     0.0
   1 conv 26x26x8/2, 8 ch accumulate_gradient            - numpy   default      27.0         26.6-27.6     0.0
   1 conv 26x26x8/2, 8 ch accumulate_gradient            - rust    default       5.9           5.8-6.0     0.0
   1 conv 26x26x8/2, 8 ch forward_batch                 32 numpy   default    1254.5     1244.0-1262.8   445.3
   1 conv 26x26x8/2, 8 ch forward_batch                 32 rust    default     761.5       760.3-764.5     0.0
   1 conv 26x26x8/2, 8 ch forward_batch                512 numpy   default   17283.2   17184.3-17516.7   376.1
   1 conv 26x26x8/2, 8 ch forward_batch                512 rust    default   22950.5   22896.3-23230.8 10369.0
   1 conv 26x26x8/2, 8 ch downstream_batch              32 numpy   default    1292.5     1290.0-1319.6     0.0
   1 conv 26x26x8/2, 8 ch downstream_batch              32 rust    default     499.7       494.6-508.6     0.0
   1 conv 26x26x8/2, 8 ch downstream_batch             512 numpy   default   41853.8   41731.2-41969.6   660.0
   1 conv 26x26x8/2, 8 ch downstream_batch             512 rust    default   13282.5   13014.5-13651.7 10369.0
   1 conv 26x26x8/2, 8 ch accumulate_gradient_batch     32 numpy   default     705.1       691.1-718.9     0.0
   1 conv 26x26x8/2, 8 ch accumulate_gradient_batch     32 rust    default     199.7       199.3-202.8     0.0
   1 conv 26x26x8/2, 8 ch accumulate_gradient_batch    512 numpy   default   12470.4   12413.4-12551.3     0.0
   1 conv 26x26x8/2, 8 ch accumulate_gradient_batch    512 rust    default    3124.6     3116.9-3137.3     0.1
   1 conv 26x26x8, 8 ch   forward                        - numpy   default     124.2       123.1-125.5     0.0
   1 conv 26x26x8, 8 ch   forward                        - rust    default      97.9         97.7-99.3     0.0
   1 conv 26x26x8, 8 ch   downstream                     - numpy   default     140.6       140.4-141.1     0.0
   1 conv 26x26x8, 8 ch   downstream                     - rust    default      57.5         56.5-57.6     0.0
   1 conv 26x26x8, 8 ch   accumulate_gradient            - numpy   default      90.6         88.5-91.6     0.0
   1 conv 26x26x8, 8 ch   accumulate_gradient            - rust    default      25.2         25.1-25.2     0.0
   1 conv 26x26x8, 8 ch   forward_batch                 32 numpy   default    4311.0     4017.4-4401.8   573.2
   1 conv 26x26x8, 8 ch   forward_batch                 32 rust    default    3116.7     3104.6-3641.5    72.0
   1 conv 26x26x8, 8 ch   forward_batch                512 numpy   default   66780.0   66529.5-68623.3   309.1
   1 conv 26x26x8, 8 ch   forward_batch                512 rust    default   85991.7   85950.5-86441.9 41473.0
   1 conv 26x26x8, 8 ch   downstream_batch              32 numpy   default    4526.3     4504.6-4588.6     0.0
   1 conv 26x26x8, 8 ch   downstream_batch              32 rust    default    2485.2     2473.7-2585.0     0.0
   1 conv 26x26x8, 8 ch   downstream_batch             512 numpy   default  115240.5 114863.4-115630.1    82.0
   1 conv 26x26x8, 8 ch   downstream_batch             512 rust    default   44192.2   41667.2-45282.7 41473.0
   1 conv 26x26x8, 8 ch   accumulate_gradient_batch     32 numpy   default    2995.5     2983.3-3053.4     0.0
   1 conv 26x26x8, 8 ch   accumulate_gradient_batch     32 rust    default     668.7       649.2-696.8     0.0
   1 conv 26x26x8, 8 ch   accumulate_gradient_batch    512 numpy   default   50907.8   50791.6-51583.2     0.0
   1 conv 26x26x8, 8 ch   accumulate_gradient_batch    512 rust    default   12203.9   11857.8-12265.7     0.2
   1 pool 26x26, 8 ch     forward                        - numpy   default      69.9         69.7-70.4     0.0
   1 pool 26x26, 8 ch     forward                        - rust    default       3.8           3.8-3.8     0.0
   1 pool 26x26, 8 ch     downstream                     - numpy   default      34.9         34.7-35.3     0.0
   1 pool 26x26, 8 ch     downstream                     - rust    default       5.1           5.1-5.2     0.0
   1 pool 26x26, 8 ch     forward_batch                 32 numpy   default    1244.2     1219.2-1248.3     0.0
   1 pool 26x26, 8 ch     forward_batch                 32 rust    default     111.4       111.2-112.8     0.0
   1 pool 26x26, 8 ch     forward_batch                512 numpy   default   20515.8   20288.5-20754.2     0.0
   1 pool 26x26, 8 ch     forward_batch                512 rust    default    2430.0     2425.6-2489.2     0.0
   1 pool 26x26, 8 ch     downstream_batch              32 numpy   default     515.3       514.0-517.9     0.0
   1 pool 26x26, 8 ch     downstream_batch              32 rust    default     157.1       156.9-159.3     0.0
   1 pool 26x26, 8 ch     downstream_batch             512 numpy   default   13998.1   13946.1-14276.0     0.0
   1 pool 26x26, 8 ch     downstream_batch             512 rust    default    3028.8     3021.8-3050.9     0.0
   1 pool 6x6, 8 ch       forward                        - numpy   default      33.1         32.9-33.3     0.0
   1 pool 6x6, 8 ch       forward                        - rust    default       0.5           0.5-0.5     0.0
   1 pool 6x6, 8 ch       downstream                     - numpy   default      18.9         18.9-19.1     0.0
   1 pool 6x6, 8 ch       downstream                     - rust    default       0.6           0.6-0.6     0.0
   1 pool 6x6, 8 ch       forward_batch                 32 numpy   default     107.7       107.2-108.5     0.0
   1 pool 6x6, 8 ch       forward_batch                 32 rust    default       8.2           8.2-8.2     0.0
   1 pool 6x6, 8 ch       forward_batch                512 numpy   default    1205.5     1201.3-1232.5     0.0
   1 pool 6x6, 8 ch       forward_batch                512 rust    default     127.7       127.5-127.8     0.0
   1 pool 6x6, 8 ch       downstream_batch              32 numpy   default      58.2         58.1-59.3     0.0
   1 pool 6x6, 8 ch       downstream_batch              32 rust    default      11.1         11.0-11.1     0.0
   1 pool 6x6, 8 ch       downstream_batch             512 numpy   default     630.7       628.3-643.6     0.0
   1 pool 6x6, 8 ch       downstream_batch             512 rust    default     177.9       177.6-180.5     0.0
   1 conv tail 32 x 5408  bare downstream               32 numpy   default      68.7         65.0-78.6     0.0
   1 conv tail 32 x 5408  bare downstream               32 rust    default     246.0       238.9-248.5     0.0
   1 conv tail 32 x 5408  bare downstream              512 numpy   default    3210.1     3204.2-3281.6     0.0
   1 conv tail 32 x 5408  bare downstream              512 rust    default    2523.2     2473.6-2701.7     0.0
   1 conv tail 32 x 5408  bare accumulate               32 numpy   default      78.2         78.0-79.2     0.0
   1 conv tail 32 x 5408  bare accumulate               32 rust    default     247.1       241.1-252.7     0.0
   1 conv tail 32 x 5408  bare accumulate              512 numpy   default    1676.4     1647.0-1707.7     0.0
   1 conv tail 32 x 5408  bare accumulate              512 rust    default    2227.2     2155.9-3272.3     0.0
   1 conv tail 32 x 5408  transpose                     32 numpy   default       0.7           0.7-0.7     0.0
   1 conv tail 32 x 5408  transpose                     32 rust    default       0.8           0.8-0.9     0.0
   1 conv tail 32 x 5408  transpose                    512 numpy   default      24.9         24.9-25.5     0.0
   1 conv tail 32 x 5408  transpose                    512 rust    default      14.3         14.3-14.6     0.0
   1 conv tail 32 x 5408  add                           32 numpy   default      78.4         78.2-78.6     0.0
   1 conv tail 32 x 5408  add                           32 rust    default      66.1         66.0-66.2     0.0
   1 conv tail 32 x 5408  add                          512 numpy   default      81.2         80.9-82.1     0.0
   1 conv tail 32 x 5408  add                          512 rust    default      62.6         62.5-63.3     0.0
   1 conv tail 32 x 5408  sum_axis0                     32 numpy   default       1.4           1.4-1.4     0.0
   1 conv tail 32 x 5408  sum_axis0                     32 rust    default       0.4           0.4-0.4     0.0
   1 conv tail 32 x 5408  sum_axis0                    512 numpy   default      10.1         10.1-10.2     0.0
   1 conv tail 32 x 5408  sum_axis0                    512 rust    default       4.7           4.7-4.7     0.0
   1 dense 30 x 784       bare downstream               32 numpy   default      23.8         23.7-23.8     0.0
   1 dense 30 x 784       bare downstream               32 rust    default      33.2         32.6-33.6     0.0
   1 dense 30 x 784       bare downstream              512 numpy   default     140.6       111.3-143.1     0.0
   1 dense 30 x 784       bare downstream              512 rust    default     242.9       239.2-256.9     0.0
   1 dense 30 x 784       bare accumulate               32 numpy   default      29.2         29.1-29.6     0.0
   1 dense 30 x 784       bare accumulate               32 rust    default      29.1         28.9-29.5     0.0
   1 dense 30 x 784       bare accumulate              512 numpy   default     198.3       176.5-291.4     0.0
   1 dense 30 x 784       bare accumulate              512 rust    default     292.9       287.3-312.2     0.0
   1 dense 30 x 784       transpose                     32 numpy   default       0.7           0.7-0.7     0.0
   1 dense 30 x 784       transpose                     32 rust    default       0.8           0.8-0.8     0.0
   1 dense 30 x 784       transpose                    512 numpy   default       7.4           7.4-7.4     0.0
   1 dense 30 x 784       transpose                    512 rust    default      13.2         13.2-13.4     0.0
   1 dense 30 x 784       add                           32 numpy   default      13.5         13.4-13.7     0.0
   1 dense 30 x 784       add                           32 rust    default       8.8           8.8-8.9     0.0
   1 dense 30 x 784       add                          512 numpy   default       9.0           8.9-9.1     0.0
   1 dense 30 x 784       add                          512 rust    default       8.5           8.5-8.5     0.0
   1 dense 30 x 784       sum_axis0                     32 numpy   default       1.4           1.4-1.5     0.0
   1 dense 30 x 784       sum_axis0                     32 rust    default       0.4           0.4-0.4     0.0
   1 dense 30 x 784       sum_axis0                    512 numpy   default      11.1         11.0-11.2     0.0
   1 dense 30 x 784       sum_axis0                    512 rust    default       4.2           4.2-4.3     0.0
   1 dense 10 x 30        bare downstream               32 numpy   default       1.8           1.8-1.8     0.0
   1 dense 10 x 30        bare downstream               32 rust    default       1.1           1.1-1.1     0.0
   1 dense 10 x 30        bare downstream              512 numpy   default      12.3         12.2-12.6     0.0
   1 dense 10 x 30        bare downstream              512 rust    default      15.7         15.3-15.8     0.0
   1 dense 10 x 30        bare accumulate               32 numpy   default       1.7           1.7-1.8     0.0
   1 dense 10 x 30        bare accumulate               32 rust    default       1.2           1.2-1.2     0.0
   1 dense 10 x 30        bare accumulate              512 numpy   default      13.4         13.3-13.4     0.0
   1 dense 10 x 30        bare accumulate              512 rust    default      25.5         25.5-25.9     0.0
   1 dense 10 x 30        transpose                     32 numpy   default       0.4           0.4-0.4     0.0
   1 dense 10 x 30        transpose                     32 rust    default       0.4           0.4-0.4     0.0
   1 dense 10 x 30        transpose                    512 numpy   default       3.0           3.0-3.0     0.0
   1 dense 10 x 30        transpose                    512 rust    default       4.1           4.1-4.2     0.0
   1 dense 10 x 30        add                           32 numpy   default       0.4           0.4-0.4     0.0
   1 dense 10 x 30        add                           32 rust    default       0.2           0.2-0.2     0.0
   1 dense 10 x 30        add                          512 numpy   default       0.4           0.4-0.4     0.0
   1 dense 10 x 30        add                          512 rust    default       0.2           0.2-0.2     0.0
   1 dense 10 x 30        sum_axis0                     32 numpy   default       1.3           1.3-1.3     0.0
   1 dense 10 x 30        sum_axis0                     32 rust    default       0.3           0.3-0.3     0.0
   1 dense 10 x 30        sum_axis0                    512 numpy   default       9.1           8.9-9.2     0.0
   1 dense 10 x 30        sum_axis0                    512 rust    default       3.0           2.9-3.0     0.0
   2 conv tail 32 x 5408  forward                        - rust    default      20.8         20.7-20.9     0.0
   2 conv tail 32 x 5408  forward                        - numpy   default      27.3         27.3-27.8     0.0
   2 conv tail 32 x 5408  downstream                     - rust    default      21.9         21.9-22.0     0.0
   2 conv tail 32 x 5408  downstream                     - numpy   default      24.4         24.3-24.6     0.0
   2 conv tail 32 x 5408  hidden_delta                   - rust    default      23.0         23.0-23.3     0.0
   2 conv tail 32 x 5408  hidden_delta                   - numpy   default      33.0         33.0-33.2     0.0
   2 conv tail 32 x 5408  accumulate_gradient            - rust    default      53.0         52.9-53.2     0.0
   2 conv tail 32 x 5408  accumulate_gradient            - numpy   default      84.7         84.6-85.0     0.0
   2 conv tail 32 x 5408  apply_accumulated_gradient     - rust    default     111.4       111.2-111.6     0.0
   2 conv tail 32 x 5408  apply_accumulated_gradient     - numpy   default     184.4       183.8-186.3     0.0
   2 conv tail 32 x 5408  sgd step                       - rust    default      59.3         59.2-59.4     0.0
   2 conv tail 32 x 5408  sgd step                       - numpy   default     272.0       271.2-274.7     0.0
   2 conv tail 32 x 5408  forward_batch                 32 rust    default     397.1       396.6-403.4     0.0
   2 conv tail 32 x 5408  forward_batch                 32 numpy   default     156.6       146.2-157.8     0.0
   2 conv tail 32 x 5408  forward_batch                512 rust    default    1832.6     1650.0-1871.3     0.0
   2 conv tail 32 x 5408  forward_batch                512 numpy   default    1169.8     1162.0-1199.3     0.0
   2 conv tail 32 x 5408  downstream_batch              32 rust    default     243.3       237.8-246.2     0.0
   2 conv tail 32 x 5408  downstream_batch              32 numpy   default      78.5         74.1-95.5     0.0
   2 conv tail 32 x 5408  downstream_batch             512 rust    default    2480.7     2462.6-2599.8     0.0
   2 conv tail 32 x 5408  downstream_batch             512 numpy   default    3255.5     3236.3-3332.1     0.0
   2 conv tail 32 x 5408  hidden_delta_batch            32 rust    default     317.2       312.2-320.7     0.0
   2 conv tail 32 x 5408  hidden_delta_batch            32 numpy   default     645.5       618.2-664.6   321.0
   2 conv tail 32 x 5408  hidden_delta_batch           512 rust    default    5926.3     5744.3-6222.4     0.0
   2 conv tail 32 x 5408  hidden_delta_batch           512 numpy   default   12511.8   12475.7-14763.1   537.5
   2 conv tail 32 x 5408  accumulate_gradient_batch     32 rust    default     278.2       271.0-281.7     0.0
   2 conv tail 32 x 5408  accumulate_gradient_batch     32 numpy   default     165.2       146.1-167.6     0.0
   2 conv tail 32 x 5408  accumulate_gradient_batch    512 rust    default    2296.2     2189.9-3257.3     0.1
   2 conv tail 32 x 5408  accumulate_gradient_batch    512 numpy   default    1879.3     1875.8-1897.5     0.0
   2 dense 30 x 784       forward                        - rust    default       2.3           2.3-2.4     0.0
   2 dense 30 x 784       forward                        - numpy   default       8.5           8.5-8.6     0.0
   2 dense 30 x 784       downstream                     - rust    default       2.9           2.9-3.0     0.0
   2 dense 30 x 784       downstream                     - numpy   default       3.8           3.8-3.9     0.0
   2 dense 30 x 784       hidden_delta                   - rust    default       3.2           3.2-3.2     0.0
   2 dense 30 x 784       hidden_delta                   - numpy   default       6.6           6.6-6.7     0.0
   2 dense 30 x 784       accumulate_gradient            - rust    default       7.0           6.9-7.1     0.0
   2 dense 30 x 784       accumulate_gradient            - numpy   default      27.3         27.3-28.0     0.0
   2 dense 30 x 784       apply_accumulated_gradient     - rust    default      17.1         17.1-17.2     0.0
   2 dense 30 x 784       apply_accumulated_gradient     - numpy   default      31.9         31.8-32.2     0.0
   2 dense 30 x 784       sgd step                       - rust    default       7.5           7.3-7.6     0.0
   2 dense 30 x 784       sgd step                       - numpy   default      58.7         58.5-59.7     0.0
   2 dense 30 x 784       forward_batch                 32 rust    default      44.9         43.3-45.5     0.0
   2 dense 30 x 784       forward_batch                 32 numpy   default      38.6         38.5-38.9     0.0
   2 dense 30 x 784       forward_batch                512 rust    default     328.5       318.4-362.7     0.0
   2 dense 30 x 784       forward_batch                512 numpy   default     266.3       265.9-272.2     0.0
   2 dense 30 x 784       downstream_batch              32 rust    default      29.4         28.5-29.6     0.0
   2 dense 30 x 784       downstream_batch              32 numpy   default      23.8         23.7-24.0     0.0
   2 dense 30 x 784       downstream_batch             512 rust    default     246.3       244.4-254.7     0.0
   2 dense 30 x 784       downstream_batch             512 numpy   default     132.1       130.4-133.1     0.0
   2 dense 30 x 784       hidden_delta_batch            32 rust    default      40.2         38.9-40.6     0.0
   2 dense 30 x 784       hidden_delta_batch            32 numpy   default      59.7         59.7-59.8     0.0
   2 dense 30 x 784       hidden_delta_batch           512 rust    default     518.7       500.9-577.8     0.0
   2 dense 30 x 784       hidden_delta_batch           512 numpy   default    1791.9     1722.7-3053.6   760.2
   2 dense 30 x 784       accumulate_gradient_batch     32 rust    default      41.0         39.9-41.5     0.0
   2 dense 30 x 784       accumulate_gradient_batch     32 numpy   default      41.1         41.1-41.4     0.0
   2 dense 30 x 784       accumulate_gradient_batch    512 rust    default     323.3       310.6-329.0     0.0
   2 dense 30 x 784       accumulate_gradient_batch    512 numpy   default     225.1       224.1-226.4     0.0
   2 dense 10 x 30        forward                        - rust    default       0.3           0.3-0.3     0.0
   2 dense 10 x 30        forward                        - numpy   default       4.6           4.5-4.6     0.0
   2 dense 10 x 30        downstream                     - rust    default       0.2           0.2-0.2     0.0
   2 dense 10 x 30        downstream                     - numpy   default       0.9           0.8-0.9     0.0
   2 dense 10 x 30        hidden_delta                   - rust    default       0.4           0.4-0.4     0.0
   2 dense 10 x 30        hidden_delta                   - numpy   default       2.3           2.2-2.3     0.0
   2 dense 10 x 30        accumulate_gradient            - rust    default       0.4           0.4-0.4     0.0
   2 dense 10 x 30        accumulate_gradient            - numpy   default       2.8           2.8-2.9     0.0
   2 dense 10 x 30        apply_accumulated_gradient     - rust    default       2.2           2.2-2.3     0.0
   2 dense 10 x 30        apply_accumulated_gradient     - numpy   default       4.6           4.6-4.7     0.0
   2 dense 10 x 30        sgd step                       - rust    default       0.5           0.5-0.5     0.0
   2 dense 10 x 30        sgd step                       - numpy   default       8.1           8.0-8.2     0.0
   2 dense 10 x 30        forward_batch                 32 rust    default       3.1           3.1-3.2     0.0
   2 dense 10 x 30        forward_batch                 32 numpy   default       9.6           9.6-9.7     0.0
   2 dense 10 x 30        forward_batch                512 rust    default      44.0         43.2-45.0     0.0
   2 dense 10 x 30        forward_batch                512 numpy   default      54.9         54.6-57.0     0.0
   2 dense 10 x 30        downstream_batch              32 rust    default       1.1           1.1-1.1     0.0
   2 dense 10 x 30        downstream_batch              32 numpy   default       1.8           1.8-1.9     0.0
   2 dense 10 x 30        downstream_batch             512 rust    default      16.2         15.8-16.2     0.0
   2 dense 10 x 30        downstream_batch             512 numpy   default      12.1         12.0-12.3     0.0
   2 dense 10 x 30        hidden_delta_batch            32 rust    default       1.7           1.6-1.7     0.0
   2 dense 10 x 30        hidden_delta_batch            32 numpy   default       4.7           4.7-4.7     0.0
   2 dense 10 x 30        hidden_delta_batch           512 rust    default      23.0         22.5-23.3     0.0
   2 dense 10 x 30        hidden_delta_batch           512 numpy   default      35.0         34.9-35.1     0.0
   2 dense 10 x 30        accumulate_gradient_batch     32 rust    default       1.9           1.9-2.0     0.0
   2 dense 10 x 30        accumulate_gradient_batch     32 numpy   default       4.3           4.3-4.4     0.0
   2 dense 10 x 30        accumulate_gradient_batch    512 rust    default      34.3         34.3-34.7     0.0
   2 dense 10 x 30        accumulate_gradient_batch    512 numpy   default      25.3         25.2-25.8     0.0
   2 conv 28x28, 8 ch     forward                        - rust    default      21.8         21.4-22.2     0.0
   2 conv 28x28, 8 ch     forward                        - numpy   default      53.8         53.6-53.9     0.0
   2 conv 28x28, 8 ch     downstream                     - rust    default      17.1         16.9-17.3     0.0
   2 conv 28x28, 8 ch     downstream                     - numpy   default      38.9         38.8-39.2     0.0
   2 conv 28x28, 8 ch     accumulate_gradient            - rust    default      15.9         15.8-16.2     0.0
   2 conv 28x28, 8 ch     accumulate_gradient            - numpy   default      35.8         34.9-36.0     0.0
   2 conv 28x28, 8 ch     forward_batch                 32 rust    default     659.0       641.7-668.9     0.0
   2 conv 28x28, 8 ch     forward_batch                 32 numpy   default     945.5       926.7-956.8   145.2
   2 conv 28x28, 8 ch     forward_batch                512 rust    default   10621.2   10579.1-15323.8   676.0
   2 conv 28x28, 8 ch     forward_batch                512 numpy   default   17008.1   16485.2-18133.4   225.9
   2 conv 28x28, 8 ch     downstream_batch              32 rust    default     583.5       575.1-597.1     0.0
   2 conv 28x28, 8 ch     downstream_batch              32 numpy   default     595.3       594.3-599.0     0.0
   2 conv 28x28, 8 ch     downstream_batch             512 rust    default   11243.4   11025.1-11395.1     0.0
   2 conv 28x28, 8 ch     downstream_batch             512 numpy   default   16412.6   16393.6-16559.4     0.0
   2 conv 28x28, 8 ch     accumulate_gradient_batch     32 rust    default     528.3       527.0-535.3     0.0
   2 conv 28x28, 8 ch     accumulate_gradient_batch     32 numpy   default    1216.3     1199.9-1229.2     0.0
   2 conv 28x28, 8 ch     accumulate_gradient_batch    512 rust    default   11760.5   11714.5-11803.1     0.0
   2 conv 28x28, 8 ch     accumulate_gradient_batch    512 numpy   default   21600.0   21561.5-21718.5     0.0
   2 conv 8x8, 8 ch       forward                        - rust    default       1.6           1.6-1.7     0.0
   2 conv 8x8, 8 ch       forward                        - numpy   default      28.2         27.9-28.7     0.0
   2 conv 8x8, 8 ch       downstream                     - rust    default       1.2           1.1-1.2     0.0
   2 conv 8x8, 8 ch       downstream                     - numpy   default      21.4         21.1-21.7     0.0
   2 conv 8x8, 8 ch       accumulate_gradient            - rust    default       1.2           1.1-1.2     0.0
   2 conv 8x8, 8 ch       accumulate_gradient            - numpy   default       7.5           7.4-7.6     0.0
   2 conv 8x8, 8 ch       forward_batch                 32 rust    default      37.1         36.5-37.5     0.0
   2 conv 8x8, 8 ch       forward_batch                 32 numpy   default      72.4         72.3-73.4     0.0
   2 conv 8x8, 8 ch       forward_batch                512 rust    default     586.9       570.9-588.0     0.0
   2 conv 8x8, 8 ch       forward_batch                512 numpy   default     872.9       850.6-890.1   123.4
   2 conv 8x8, 8 ch       downstream_batch              32 rust    default      29.3         28.8-29.6     0.0
   2 conv 8x8, 8 ch       downstream_batch              32 numpy   default      64.5         63.5-65.3     0.0
   2 conv 8x8, 8 ch       downstream_batch             512 rust    default     463.4       457.8-466.2     0.0
   2 conv 8x8, 8 ch       downstream_batch             512 numpy   default     700.1       689.6-710.3     0.0
   2 conv 8x8, 8 ch       accumulate_gradient_batch     32 rust    default      27.4         27.3-27.6     0.0
   2 conv 8x8, 8 ch       accumulate_gradient_batch     32 numpy   default      93.6         91.3-94.9     0.0
   2 conv 8x8, 8 ch       accumulate_gradient_batch    512 rust    default     460.4       459.3-461.9     0.0
   2 conv 8x8, 8 ch       accumulate_gradient_batch    512 numpy   default    1396.2     1379.2-1436.9     0.0
   2 conv 13x13x8, 8 ch   forward                        - rust    default      21.4         21.4-21.5     0.0
   2 conv 13x13x8, 8 ch   forward                        - numpy   default      48.8         48.7-49.3     0.0
   2 conv 13x13x8, 8 ch   downstream                     - rust    default      12.1         12.0-12.2     0.0
   2 conv 13x13x8, 8 ch   downstream                     - numpy   default      51.3         51.2-51.7     0.0
   2 conv 13x13x8, 8 ch   accumulate_gradient            - rust    default       4.9           4.9-5.1     0.0
   2 conv 13x13x8, 8 ch   accumulate_gradient            - numpy   default      22.8         22.7-23.4     0.0
   2 conv 13x13x8, 8 ch   forward_batch                 32 rust    default     637.2       635.7-646.4     0.0
   2 conv 13x13x8, 8 ch   forward_batch                 32 numpy   default     994.3      983.9-1009.7   372.3
   2 conv 13x13x8, 8 ch   forward_batch                512 rust    default   18733.1   18643.9-18793.6  8713.0
   2 conv 13x13x8, 8 ch   forward_batch                512 numpy   default   14130.8   13942.9-14477.4   253.1
   2 conv 13x13x8, 8 ch   downstream_batch              32 rust    default     392.1       388.4-395.4     0.0
   2 conv 13x13x8, 8 ch   downstream_batch              32 numpy   default     921.9       916.3-926.7     0.0
   2 conv 13x13x8, 8 ch   downstream_batch             512 rust    default   10380.5   10269.9-11028.2  8713.0
   2 conv 13x13x8, 8 ch   downstream_batch             512 numpy   default   25368.7   25340.2-25846.3    26.0
   2 conv 13x13x8, 8 ch   accumulate_gradient_batch     32 rust    default     169.4       169.1-170.0     0.0
   2 conv 13x13x8, 8 ch   accumulate_gradient_batch     32 numpy   default     597.9       594.3-603.4     0.0
   2 conv 13x13x8, 8 ch   accumulate_gradient_batch    512 rust    default    2630.2     2612.8-2660.3     0.1
   2 conv 13x13x8, 8 ch   accumulate_gradient_batch    512 numpy   default   10306.3   10240.9-10460.9     0.0
   2 conv 26x26x8/2, 8 ch forward                        - rust    default      25.6         25.5-26.4     0.0
   2 conv 26x26x8/2, 8 ch forward                        - numpy   default      53.4         53.3-53.7     0.0
   2 conv 26x26x8/2, 8 ch downstream                     - rust    default      14.4         14.2-14.7     0.0
   2 conv 26x26x8/2, 8 ch downstream                     - numpy   default      59.6         59.2-60.3     0.0
   2 conv 26x26x8/2, 8 ch accumulate_gradient            - rust    default       5.9           5.8-5.9     0.0
   2 conv 26x26x8/2, 8 ch accumulate_gradient            - numpy   default      26.2         26.0-26.6     0.0
   2 conv 26x26x8/2, 8 ch forward_batch                 32 rust    default     769.3       768.3-770.3     0.0
   2 conv 26x26x8/2, 8 ch forward_batch                 32 numpy   default    1224.7     1212.0-1237.2   445.4
   2 conv 26x26x8/2, 8 ch forward_batch                512 rust    default   23116.2   23014.3-23216.6 10369.0
   2 conv 26x26x8/2, 8 ch forward_batch                512 numpy   default   17390.1   17088.0-17536.9   376.1
   2 conv 26x26x8/2, 8 ch downstream_batch              32 rust    default     497.9       492.3-506.0     0.0
   2 conv 26x26x8/2, 8 ch downstream_batch              32 numpy   default    1203.3     1200.5-1213.2     0.0
   2 conv 26x26x8/2, 8 ch downstream_batch             512 rust    default   13465.3   13023.3-14824.8 10369.0
   2 conv 26x26x8/2, 8 ch downstream_batch             512 numpy   default   42473.6   42363.7-42678.6   660.0
   2 conv 26x26x8/2, 8 ch accumulate_gradient_batch     32 rust    default     199.7       199.0-203.4     0.0
   2 conv 26x26x8/2, 8 ch accumulate_gradient_batch     32 numpy   default     709.4       702.8-712.0     0.0
   2 conv 26x26x8/2, 8 ch accumulate_gradient_batch    512 rust    default    3108.5     3018.6-3180.7     0.1
   2 conv 26x26x8/2, 8 ch accumulate_gradient_batch    512 numpy   default   12431.0   12344.2-12662.0     0.0
   2 conv 26x26x8, 8 ch   forward                        - rust    default      98.3         97.8-99.3     0.0
   2 conv 26x26x8, 8 ch   forward                        - numpy   default     125.3       125.1-126.0     0.0
   2 conv 26x26x8, 8 ch   downstream                     - rust    default      59.2         58.3-59.5     0.0
   2 conv 26x26x8, 8 ch   downstream                     - numpy   default     149.4       149.2-151.5     0.0
   2 conv 26x26x8, 8 ch   accumulate_gradient            - rust    default      25.3         25.2-25.3     0.0
   2 conv 26x26x8, 8 ch   accumulate_gradient            - numpy   default      90.7         89.3-92.1     0.0
   2 conv 26x26x8, 8 ch   forward_batch                 32 rust    default    3128.2     3120.3-3650.9    72.0
   2 conv 26x26x8, 8 ch   forward_batch                 32 numpy   default    4304.4     3962.1-4375.2   573.2
   2 conv 26x26x8, 8 ch   forward_batch                512 rust    default   86588.5   86436.4-87261.6 41473.0
   2 conv 26x26x8, 8 ch   forward_batch                512 numpy   default   66665.5   66155.5-68361.9   309.1
   2 conv 26x26x8, 8 ch   downstream_batch              32 rust    default    2507.9     2494.3-2598.7     0.0
   2 conv 26x26x8, 8 ch   downstream_batch              32 numpy   default    4662.5     4624.0-4825.5     0.0
   2 conv 26x26x8, 8 ch   downstream_batch             512 rust    default   45223.4   43539.8-45703.6 41473.0
   2 conv 26x26x8, 8 ch   downstream_batch             512 numpy   default  115076.5 114955.0-115669.3    82.0
   2 conv 26x26x8, 8 ch   accumulate_gradient_batch     32 rust    default     667.9       663.5-689.3     0.0
   2 conv 26x26x8, 8 ch   accumulate_gradient_batch     32 numpy   default    2968.0     2959.3-2986.2     0.0
   2 conv 26x26x8, 8 ch   accumulate_gradient_batch    512 rust    default   12343.0   12296.1-12926.6     0.2
   2 conv 26x26x8, 8 ch   accumulate_gradient_batch    512 numpy   default   50913.9   50501.7-51700.2     0.0
   2 pool 26x26, 8 ch     forward                        - rust    default       3.7           3.7-3.7     0.0
   2 pool 26x26, 8 ch     forward                        - numpy   default      69.7         69.5-69.8     0.0
   2 pool 26x26, 8 ch     downstream                     - rust    default       5.1           5.1-5.2     0.0
   2 pool 26x26, 8 ch     downstream                     - numpy   default      36.5         36.4-37.1     0.0
   2 pool 26x26, 8 ch     forward_batch                 32 rust    default     110.5       110.3-110.6     0.0
   2 pool 26x26, 8 ch     forward_batch                 32 numpy   default    1221.6     1217.4-1226.6     0.0
   2 pool 26x26, 8 ch     forward_batch                512 rust    default    2433.2     2425.9-2460.5     0.0
   2 pool 26x26, 8 ch     forward_batch                512 numpy   default   20265.0   20187.1-20590.6     0.1
   2 pool 26x26, 8 ch     downstream_batch              32 rust    default     155.7       155.5-157.3     0.0
   2 pool 26x26, 8 ch     downstream_batch              32 numpy   default     528.8       526.3-541.6     0.0
   2 pool 26x26, 8 ch     downstream_batch             512 rust    default    3031.2     3011.3-3062.1     0.0
   2 pool 26x26, 8 ch     downstream_batch             512 numpy   default   14226.6   14218.7-14317.1     0.0
   2 pool 6x6, 8 ch       forward                        - rust    default       0.5           0.5-0.5     0.0
   2 pool 6x6, 8 ch       forward                        - numpy   default      33.3         33.2-33.4     0.0
   2 pool 6x6, 8 ch       downstream                     - rust    default       0.6           0.6-0.6     0.0
   2 pool 6x6, 8 ch       downstream                     - numpy   default      18.5         18.3-18.7     0.0
   2 pool 6x6, 8 ch       forward_batch                 32 rust    default       8.2           8.2-8.2     0.0
   2 pool 6x6, 8 ch       forward_batch                 32 numpy   default     110.0       109.6-111.7     0.0
   2 pool 6x6, 8 ch       forward_batch                512 rust    default     127.7       127.6-128.3     0.0
   2 pool 6x6, 8 ch       forward_batch                512 numpy   default    1222.6     1213.0-1228.0     0.0
   2 pool 6x6, 8 ch       downstream_batch              32 rust    default      11.0         11.0-11.1     0.0
   2 pool 6x6, 8 ch       downstream_batch              32 numpy   default      57.7         57.6-58.7     0.0
   2 pool 6x6, 8 ch       downstream_batch             512 rust    default     176.9       176.5-179.0     0.0
   2 pool 6x6, 8 ch       downstream_batch             512 numpy   default     634.1       633.1-639.4     0.0
   2 conv tail 32 x 5408  bare downstream               32 rust    default     240.1       236.2-242.7     0.0
   2 conv tail 32 x 5408  bare downstream               32 numpy   default      75.7         65.3-80.9     0.0
   2 conv tail 32 x 5408  bare downstream              512 rust    default    2481.7     2447.1-2613.0     0.0
   2 conv tail 32 x 5408  bare downstream              512 numpy   default    3188.8     3172.5-3224.7     0.0
   2 conv tail 32 x 5408  bare accumulate               32 rust    default     242.4       240.1-243.9     0.0
   2 conv tail 32 x 5408  bare accumulate               32 numpy   default      78.2         73.6-79.4     0.0
   2 conv tail 32 x 5408  bare accumulate              512 rust    default    2223.0     2066.7-3441.3     0.1
   2 conv tail 32 x 5408  bare accumulate              512 numpy   default    1627.0     1623.9-1647.6     0.0
   2 conv tail 32 x 5408  transpose                     32 rust    default       0.9           0.8-0.9     0.0
   2 conv tail 32 x 5408  transpose                     32 numpy   default       0.7           0.7-0.7     0.0
   2 conv tail 32 x 5408  transpose                    512 rust    default      14.6         14.5-14.6     0.0
   2 conv tail 32 x 5408  transpose                    512 numpy   default      12.0         11.9-12.1     0.0
   2 conv tail 32 x 5408  add                           32 rust    default      63.2         63.0-64.0     0.0
   2 conv tail 32 x 5408  add                           32 numpy   default      84.2         84.0-84.3     0.0
   2 conv tail 32 x 5408  add                          512 rust    default      62.7         62.6-62.7     0.0
   2 conv tail 32 x 5408  add                          512 numpy   default      84.5         84.2-86.0     0.0
   2 conv tail 32 x 5408  sum_axis0                     32 rust    default       0.4           0.4-0.4     0.0
   2 conv tail 32 x 5408  sum_axis0                     32 numpy   default       1.3           1.3-1.4     0.0
   2 conv tail 32 x 5408  sum_axis0                    512 rust    default       4.8           4.7-4.9     0.0
   2 conv tail 32 x 5408  sum_axis0                    512 numpy   default      10.5         10.5-10.6     0.0
   2 dense 30 x 784       bare downstream               32 rust    default      32.2         32.0-32.8     0.0
   2 dense 30 x 784       bare downstream               32 numpy   default      23.8         23.7-24.1     0.0
   2 dense 30 x 784       bare downstream              512 rust    default     244.0       239.5-258.4     0.0
   2 dense 30 x 784       bare downstream              512 numpy   default     142.7       137.2-145.8     0.0
   2 dense 30 x 784       bare accumulate               32 rust    default      30.9         29.6-31.2     0.0
   2 dense 30 x 784       bare accumulate               32 numpy   default      29.3         29.2-29.3     0.0
   2 dense 30 x 784       bare accumulate              512 rust    default     294.2       288.4-307.0     0.0
   2 dense 30 x 784       bare accumulate              512 numpy   default     193.9       164.8-196.7     0.0
   2 dense 30 x 784       transpose                     32 rust    default       0.8           0.8-0.8     0.0
   2 dense 30 x 784       transpose                     32 numpy   default       0.7           0.7-0.7     0.0
   2 dense 30 x 784       transpose                    512 rust    default      13.1         13.0-13.2     0.0
   2 dense 30 x 784       transpose                    512 numpy   default       7.4           7.2-7.7     0.0
   2 dense 30 x 784       add                           32 rust    default       9.0           9.0-9.0     0.0
   2 dense 30 x 784       add                           32 numpy   default      13.8         13.8-13.9     0.0
   2 dense 30 x 784       add                          512 rust    default       8.4           8.4-8.6     0.0
   2 dense 30 x 784       add                          512 numpy   default       9.5           9.5-9.7     0.0
   2 dense 30 x 784       sum_axis0                     32 rust    default       0.4           0.4-0.4     0.0
   2 dense 30 x 784       sum_axis0                     32 numpy   default       1.4           1.4-1.4     0.0
   2 dense 30 x 784       sum_axis0                    512 rust    default       4.4           4.3-4.5     0.0
   2 dense 30 x 784       sum_axis0                    512 numpy   default      10.8         10.7-10.9     0.0
   2 dense 10 x 30        bare downstream               32 rust    default       1.1           1.1-1.2     0.0
   2 dense 10 x 30        bare downstream               32 numpy   default       1.8           1.8-1.8     0.0
   2 dense 10 x 30        bare downstream              512 rust    default      15.7         15.3-15.9     0.0
   2 dense 10 x 30        bare downstream              512 numpy   default      12.0         12.0-12.3     0.0
   2 dense 10 x 30        bare accumulate               32 rust    default       1.2           1.2-1.2     0.0
   2 dense 10 x 30        bare accumulate               32 numpy   default       1.8           1.8-1.8     0.0
   2 dense 10 x 30        bare accumulate              512 rust    default      25.2         25.1-25.3     0.0
   2 dense 10 x 30        bare accumulate              512 numpy   default      13.4         13.3-13.4     0.0
   2 dense 10 x 30        transpose                     32 rust    default       0.4           0.4-0.4     0.0
   2 dense 10 x 30        transpose                     32 numpy   default       0.4           0.4-0.5     0.0
   2 dense 10 x 30        transpose                    512 rust    default       4.0           4.0-4.1     0.0
   2 dense 10 x 30        transpose                    512 numpy   default       3.0           2.9-3.0     0.0
   2 dense 10 x 30        add                           32 rust    default       0.2           0.2-0.2     0.0
   2 dense 10 x 30        add                           32 numpy   default       0.4           0.4-0.4     0.0
   2 dense 10 x 30        add                          512 rust    default       0.2           0.2-0.2     0.0
   2 dense 10 x 30        add                          512 numpy   default       0.4           0.4-0.4     0.0
   2 dense 10 x 30        sum_axis0                     32 rust    default       0.3           0.3-0.3     0.0
   2 dense 10 x 30        sum_axis0                     32 numpy   default       1.3           1.3-1.3     0.0
   2 dense 10 x 30        sum_axis0                    512 rust    default       3.0           2.9-3.0     0.0
   2 dense 10 x 30        sum_axis0                    512 numpy   default       8.9           8.8-9.0     0.0
