129 cases x 2 backends x 2 passes, rust threads default, OpenBLAS threads default, malloc default, kernel overrides default
median (min-max) µs per call over 9 loops of ~20 ms; faults = minor page faults per call
pass shape                op                         batch backend malloc     median           min-max  faults
   1 conv tail 32 x 5408  forward                        - numpy   default      29.6         29.5-29.9     0.0
   1 conv tail 32 x 5408  forward                        - rust    default      20.7         20.7-20.8     0.0
   1 conv tail 32 x 5408  downstream                     - numpy   default      23.4         23.4-23.8     0.0
   1 conv tail 32 x 5408  downstream                     - rust    default      22.3         22.3-22.4     0.0
   1 conv tail 32 x 5408  hidden_delta                   - numpy   default      31.4         31.4-31.9     0.0
   1 conv tail 32 x 5408  hidden_delta                   - rust    default      24.1         24.0-24.4     0.0
   1 conv tail 32 x 5408  accumulate_gradient            - numpy   default      89.9         89.8-90.2     0.0
   1 conv tail 32 x 5408  accumulate_gradient            - rust    default      55.5         55.4-56.4     0.0
   1 conv tail 32 x 5408  apply_accumulated_gradient     - numpy   default     180.3       180.0-180.7     0.0
   1 conv tail 32 x 5408  apply_accumulated_gradient     - rust    default     113.4       113.2-114.3     0.0
   1 conv tail 32 x 5408  sgd step                       - numpy   default     265.3       264.6-268.9     0.0
   1 conv tail 32 x 5408  sgd step                       - rust    default      58.0         58.0-58.5     0.0
   1 conv tail 32 x 5408  forward_batch                 32 numpy   default     147.7       145.5-157.1     0.0
   1 conv tail 32 x 5408  forward_batch                 32 rust    default     376.5       368.6-383.5     0.0
   1 conv tail 32 x 5408  forward_batch                512 numpy   default    1171.1     1163.5-1178.0     0.0
   1 conv tail 32 x 5408  forward_batch                512 rust    default    1821.6     1593.4-1873.9     0.0
   1 conv tail 32 x 5408  downstream_batch              32 numpy   default      78.0         77.2-79.9     0.0
   1 conv tail 32 x 5408  downstream_batch              32 rust    default     252.5       242.7-253.5     0.0
   1 conv tail 32 x 5408  downstream_batch             512 numpy   default    3267.8     3262.2-3298.4     0.0
   1 conv tail 32 x 5408  downstream_batch             512 rust    default    2486.4     2455.4-2567.3     0.0
   1 conv tail 32 x 5408  hidden_delta_batch            32 numpy   default     646.6       640.5-657.3   320.8
   1 conv tail 32 x 5408  hidden_delta_batch            32 rust    default     307.0       305.2-308.2     0.0
   1 conv tail 32 x 5408  hidden_delta_batch           512 numpy   default   12451.7   12414.8-12504.6   537.5
   1 conv tail 32 x 5408  hidden_delta_batch           512 rust    default    5810.8     5626.8-6336.2     0.0
   1 conv tail 32 x 5408  accumulate_gradient_batch     32 numpy   default     163.3       151.0-167.2     0.0
   1 conv tail 32 x 5408  accumulate_gradient_batch     32 rust    default     277.1       269.8-279.0     0.0
   1 conv tail 32 x 5408  accumulate_gradient_batch    512 numpy   default    1890.2     1826.5-1909.5     0.0
   1 conv tail 32 x 5408  accumulate_gradient_batch    512 rust    default    2383.6     2243.3-3206.8     0.0
   1 dense 30 x 784       forward                        - numpy   default       8.5           8.4-8.9     0.0
   1 dense 30 x 784       forward                        - rust    default       2.3           2.2-2.3     0.0
   1 dense 30 x 784       downstream                     - numpy   default       3.7           3.7-3.7     0.0
   1 dense 30 x 784       downstream                     - rust    default       2.7           2.7-2.8     0.0
   1 dense 30 x 784       hidden_delta                   - numpy   default       6.5           6.5-6.7     0.0
   1 dense 30 x 784       hidden_delta                   - rust    default       3.2           3.2-3.3     0.0
   1 dense 30 x 784       accumulate_gradient            - numpy   default      26.4         26.4-26.5     0.0
   1 dense 30 x 784       accumulate_gradient            - rust    default       7.1           7.1-7.1     0.0
   1 dense 30 x 784       apply_accumulated_gradient     - numpy   default      30.9         30.8-31.2     0.0
   1 dense 30 x 784       apply_accumulated_gradient     - rust    default      16.5         16.5-16.8     0.0
   1 dense 30 x 784       sgd step                       - numpy   default      58.8         58.6-59.4     0.0
   1 dense 30 x 784       sgd step                       - rust    default       7.7           7.7-7.8     0.0
   1 dense 30 x 784       forward_batch                 32 numpy   default      38.0         38.0-38.1     0.0
   1 dense 30 x 784       forward_batch                 32 rust    default      44.1         43.3-44.4     0.0
   1 dense 30 x 784       forward_batch                512 numpy   default     264.7       237.8-267.6     0.0
   1 dense 30 x 784       forward_batch                512 rust    default     327.8       321.0-354.6     0.0
   1 dense 30 x 784       downstream_batch              32 numpy   default      23.8         23.7-24.3     0.0
   1 dense 30 x 784       downstream_batch              32 rust    default      29.4         28.4-29.7     0.0
   1 dense 30 x 784       downstream_batch             512 numpy   default     131.6       107.2-135.2     0.0
   1 dense 30 x 784       downstream_batch             512 rust    default     241.4       238.1-242.6     0.0
   1 dense 30 x 784       hidden_delta_batch            32 numpy   default      56.8         56.7-58.2     0.0
   1 dense 30 x 784       hidden_delta_batch            32 rust    default      39.0         38.6-39.8     0.0
   1 dense 30 x 784       hidden_delta_batch           512 numpy   default    1770.7     1741.2-1775.3   768.0
   1 dense 30 x 784       hidden_delta_batch           512 rust    default     514.4       500.4-548.5     0.0
   1 dense 30 x 784       accumulate_gradient_batch     32 numpy   default      41.0         40.8-42.6     0.0
   1 dense 30 x 784       accumulate_gradient_batch     32 rust    default      40.3         40.0-41.3     0.0
   1 dense 30 x 784       accumulate_gradient_batch    512 numpy   default     222.6       219.4-224.7     0.0
   1 dense 30 x 784       accumulate_gradient_batch    512 rust    default     322.0       313.8-333.1     0.0
   1 dense 10 x 30        forward                        - numpy   default       4.6           4.6-4.9     0.0
   1 dense 10 x 30        forward                        - rust    default       0.3           0.3-0.3     0.0
   1 dense 10 x 30        downstream                     - numpy   default       0.8           0.8-0.8     0.0
   1 dense 10 x 30        downstream                     - rust    default       0.2           0.2-0.2     0.0
   1 dense 10 x 30        hidden_delta                   - numpy   default       2.3           2.3-2.3     0.0
   1 dense 10 x 30        hidden_delta                   - rust    default       0.4           0.4-0.4     0.0
   1 dense 10 x 30        accumulate_gradient            - numpy   default       2.7           2.7-2.8     0.0
   1 dense 10 x 30        accumulate_gradient            - rust    default       0.4           0.4-0.4     0.0
   1 dense 10 x 30        apply_accumulated_gradient     - numpy   default       4.5           4.4-4.6     0.0
   1 dense 10 x 30        apply_accumulated_gradient     - rust    default       2.2           2.2-2.3     0.0
   1 dense 10 x 30        sgd step                       - numpy   default       8.2           8.2-8.4     0.0
   1 dense 10 x 30        sgd step                       - rust    default       0.5           0.5-0.5     0.0
   1 dense 10 x 30        forward_batch                 32 numpy   default      10.1         10.0-10.5     0.0
   1 dense 10 x 30        forward_batch                 32 rust    default       3.1           3.1-3.1     0.0
   1 dense 10 x 30        forward_batch                512 numpy   default      54.4         53.9-54.8     0.0
   1 dense 10 x 30        forward_batch                512 rust    default      44.0         43.3-44.6     0.0
   1 dense 10 x 30        downstream_batch              32 numpy   default       1.8           1.8-1.8     0.0
   1 dense 10 x 30        downstream_batch              32 rust    default       1.1           1.1-1.2     0.0
   1 dense 10 x 30        downstream_batch             512 numpy   default      12.0         11.8-12.2     0.0
   1 dense 10 x 30        downstream_batch             512 rust    default      16.0         15.8-16.2     0.0
   1 dense 10 x 30        hidden_delta_batch            32 numpy   default       4.6           4.6-4.7     0.0
   1 dense 10 x 30        hidden_delta_batch            32 rust    default       1.7           1.6-1.7     0.0
   1 dense 10 x 30        hidden_delta_batch           512 numpy   default      33.8         33.8-34.1     0.0
   1 dense 10 x 30        hidden_delta_batch           512 rust    default      22.1         21.7-22.3     0.0
   1 dense 10 x 30        accumulate_gradient_batch     32 numpy   default       4.7           4.6-4.7     0.0
   1 dense 10 x 30        accumulate_gradient_batch     32 rust    default       1.9           1.9-2.0     0.0
   1 dense 10 x 30        accumulate_gradient_batch    512 numpy   default      24.5         24.4-24.6     0.0
   1 dense 10 x 30        accumulate_gradient_batch    512 rust    default      32.9         32.8-33.2     0.0
   1 conv 28x28, 8 ch     forward                        - numpy   default      51.7         51.7-52.0     0.0
   1 conv 28x28, 8 ch     forward                        - rust    default      21.6         21.4-21.8     0.0
   1 conv 28x28, 8 ch     downstream                     - numpy   default      37.3         37.2-37.6     0.0
   1 conv 28x28, 8 ch     downstream                     - rust    default      17.5         17.2-17.6     0.0
   1 conv 28x28, 8 ch     accumulate_gradient            - numpy   default      35.3         35.0-35.6     0.0
   1 conv 28x28, 8 ch     accumulate_gradient            - rust    default      15.8         15.8-15.8     0.0
   1 conv 28x28, 8 ch     forward_batch                 32 numpy   default     934.5       927.2-961.5   144.4
   1 conv 28x28, 8 ch     forward_batch                 32 rust    default     663.0       648.8-671.0     0.0
   1 conv 28x28, 8 ch     forward_batch                512 numpy   default   16915.0   16280.8-18075.8   339.4
   1 conv 28x28, 8 ch     forward_batch                512 rust    default   10617.2   10552.5-15091.4   676.0
   1 conv 28x28, 8 ch     downstream_batch              32 numpy   default     579.4       578.6-591.1     0.0
   1 conv 28x28, 8 ch     downstream_batch              32 rust    default     576.0       568.6-581.7     0.0
   1 conv 28x28, 8 ch     downstream_batch             512 numpy   default   16137.0   16093.6-16218.4     0.0
   1 conv 28x28, 8 ch     downstream_batch             512 rust    default   11202.2   11066.3-11335.4     0.0
   1 conv 28x28, 8 ch     accumulate_gradient_batch     32 numpy   default    1207.8     1183.5-1229.9     0.0
   1 conv 28x28, 8 ch     accumulate_gradient_batch     32 rust    default     528.1       527.0-538.6     0.0
   1 conv 28x28, 8 ch     accumulate_gradient_batch    512 numpy   default   21548.1   21441.0-22116.0     0.0
   1 conv 28x28, 8 ch     accumulate_gradient_batch    512 rust    default   11830.5   11728.2-12198.3     0.0
   1 conv 8x8, 8 ch       forward                        - numpy   default      26.3         26.1-26.4     0.0
   1 conv 8x8, 8 ch       forward                        - rust    default       1.7           1.6-1.7     0.0
   1 conv 8x8, 8 ch       downstream                     - numpy   default      20.9         20.8-21.2     0.0
   1 conv 8x8, 8 ch       downstream                     - rust    default       1.1           1.1-1.2     0.0
   1 conv 8x8, 8 ch       accumulate_gradient            - numpy   default       7.2           7.1-7.3     0.0
   1 conv 8x8, 8 ch       accumulate_gradient            - rust    default       1.2           1.2-1.2     0.0
   1 conv 8x8, 8 ch       forward_batch                 32 numpy   default      71.3         71.1-71.6     0.0
   1 conv 8x8, 8 ch       forward_batch                 32 rust    default      36.7         35.9-37.0     0.0
   1 conv 8x8, 8 ch       forward_batch                512 numpy   default     857.1       848.8-877.7   123.4
   1 conv 8x8, 8 ch       forward_batch                512 rust    default     579.6       567.4-585.3     0.0
   1 conv 8x8, 8 ch       downstream_batch              32 numpy   default      63.1         62.2-64.7     0.0
   1 conv 8x8, 8 ch       downstream_batch              32 rust    default      28.7         28.1-30.2     0.0
   1 conv 8x8, 8 ch       downstream_batch             512 numpy   default     688.8       680.3-716.6     0.0
   1 conv 8x8, 8 ch       downstream_batch             512 rust    default     457.2       454.3-464.0     0.0
   1 conv 8x8, 8 ch       accumulate_gradient_batch     32 numpy   default      93.6         91.8-94.8     0.0
   1 conv 8x8, 8 ch       accumulate_gradient_batch     32 rust    default      27.4         27.4-27.5     0.0
   1 conv 8x8, 8 ch       accumulate_gradient_batch    512 numpy   default    1407.0     1378.1-1419.4     0.0
   1 conv 8x8, 8 ch       accumulate_gradient_batch    512 rust    default     457.8       456.3-468.9     0.0
   1 conv 13x13x8, 8 ch   forward                        - numpy   default      48.1         48.0-48.2     0.0
   1 conv 13x13x8, 8 ch   forward                        - rust    default      21.5         21.4-22.1     0.0
   1 conv 13x13x8, 8 ch   downstream                     - numpy   default      51.3         51.2-51.4     0.0
   1 conv 13x13x8, 8 ch   downstream                     - rust    default      12.4         12.3-12.5     0.0
   1 conv 13x13x8, 8 ch   accumulate_gradient            - numpy   default      23.2         23.0-23.5     0.0
   1 conv 13x13x8, 8 ch   accumulate_gradient            - rust    default       5.0           5.0-5.2     0.0
   1 conv 13x13x8, 8 ch   forward_batch                 32 numpy   default    1013.8      988.6-1047.7   372.4
   1 conv 13x13x8, 8 ch   forward_batch                 32 rust    default     651.0       649.7-652.0     0.0
   1 conv 13x13x8, 8 ch   forward_batch                512 numpy   default   14019.9   13797.4-14135.8   253.1
   1 conv 13x13x8, 8 ch   forward_batch                512 rust    default   18351.9   18304.9-18966.7  8713.0
   1 conv 13x13x8, 8 ch   downstream_batch              32 numpy   default     896.6       894.1-900.0     0.0
   1 conv 13x13x8, 8 ch   downstream_batch              32 rust    default     393.4       387.4-397.8     0.0
   1 conv 13x13x8, 8 ch   downstream_batch             512 numpy   default   25239.2   25159.9-25757.4    26.0
   1 conv 13x13x8, 8 ch   downstream_batch             512 rust    default   10305.0   10197.1-10886.6  8713.0
   1 conv 13x13x8, 8 ch   accumulate_gradient_batch     32 numpy   default     617.6       611.8-627.3     0.0
   1 conv 13x13x8, 8 ch   accumulate_gradient_batch     32 rust    default     165.6       165.4-167.8     0.0
   1 conv 13x13x8, 8 ch   accumulate_gradient_batch    512 numpy   default   10426.7   10262.9-10580.9     0.0
   1 conv 13x13x8, 8 ch   accumulate_gradient_batch    512 rust    default    2629.5     2613.8-2655.0     0.1
   1 conv 26x26x8/2, 8 ch forward                        - numpy   default      52.1         51.9-53.8     0.0
   1 conv 26x26x8/2, 8 ch forward                        - rust    default      25.5         25.5-25.6     0.0
   1 conv 26x26x8/2, 8 ch downstream                     - numpy   default      57.8         57.6-58.5     0.0
   1 conv 26x26x8/2, 8 ch downstream                     - rust    default      14.6         14.4-14.7     0.0
   1 conv 26x26x8/2, 8 ch accumulate_gradient            - numpy   default      26.7         26.3-26.8     0.0
   1 conv 26x26x8/2, 8 ch accumulate_gradient            - rust    default       5.8           5.8-5.9     0.0
   1 conv 26x26x8/2, 8 ch forward_batch                 32 numpy   default    1198.0     1193.8-1228.1   445.3
   1 conv 26x26x8/2, 8 ch forward_batch                 32 rust    default     780.1       759.9-786.5     0.0
   1 conv 26x26x8/2, 8 ch forward_batch                512 numpy   default   17178.8   17078.8-17360.2   376.2
   1 conv 26x26x8/2, 8 ch forward_batch                512 rust    default   22892.9   22856.4-23024.9 10369.0
   1 conv 26x26x8/2, 8 ch downstream_batch              32 numpy   default    1242.4     1240.4-1248.8     0.0
   1 conv 26x26x8/2, 8 ch downstream_batch              32 rust    default     485.3       478.0-492.4     0.0
   1 conv 26x26x8/2, 8 ch downstream_batch             512 numpy   default   41989.0   41942.9-42803.2   660.0
   1 conv 26x26x8/2, 8 ch downstream_batch             512 rust    default   13392.7   12920.5-13715.9 10369.0
   1 conv 26x26x8/2, 8 ch accumulate_gradient_batch     32 numpy   default     704.2       698.4-713.7     0.0
   1 conv 26x26x8/2, 8 ch accumulate_gradient_batch     32 rust    default     198.9       198.5-200.8     0.0
   1 conv 26x26x8/2, 8 ch accumulate_gradient_batch    512 numpy   default   12323.0   12274.4-12399.0     0.0
   1 conv 26x26x8/2, 8 ch accumulate_gradient_batch    512 rust    default    3136.3     3105.1-3172.6     0.1
   1 conv 26x26x8, 8 ch   forward                        - numpy   default     123.0       122.1-124.2     0.0
   1 conv 26x26x8, 8 ch   forward                        - rust    default      98.0         97.8-98.5     0.0
   1 conv 26x26x8, 8 ch   downstream                     - numpy   default     139.2       138.9-141.3     0.0
   1 conv 26x26x8, 8 ch   downstream                     - rust    default      57.5         56.3-58.1     0.0
   1 conv 26x26x8, 8 ch   accumulate_gradient            - numpy   default      90.2         89.3-90.7     0.0
   1 conv 26x26x8, 8 ch   accumulate_gradient            - rust    default      24.8         24.8-24.8     0.0
   1 conv 26x26x8, 8 ch   forward_batch                 32 numpy   default    4064.1     3779.9-4122.7   414.3
   1 conv 26x26x8, 8 ch   forward_batch                 32 rust    default    3098.6     3085.1-3616.1    72.0
   1 conv 26x26x8, 8 ch   forward_batch                512 numpy   default   66117.1   65556.9-67672.5   309.1
   1 conv 26x26x8, 8 ch   forward_batch                512 rust    default   86618.6   86500.0-87224.6 41473.0
   1 conv 26x26x8, 8 ch   downstream_batch              32 numpy   default    4511.2     4495.2-4667.7     0.0
   1 conv 26x26x8, 8 ch   downstream_batch              32 rust    default    2484.4     2456.3-2537.3     0.0
   1 conv 26x26x8, 8 ch   downstream_batch             512 numpy   default  114928.1 114707.0-115769.2    82.0
   1 conv 26x26x8, 8 ch   downstream_batch             512 rust    default   45077.6   43293.4-45812.6 41473.0
   1 conv 26x26x8, 8 ch   accumulate_gradient_batch     32 numpy   default    3024.0     2987.4-3079.8     0.0
   1 conv 26x26x8, 8 ch   accumulate_gradient_batch     32 rust    default     687.2       667.7-708.0     0.0
   1 conv 26x26x8, 8 ch   accumulate_gradient_batch    512 numpy   default   50557.2   50433.7-51166.0     0.0
   1 conv 26x26x8, 8 ch   accumulate_gradient_batch    512 rust    default   11867.2   11802.1-12232.0     0.2
   1 pool 26x26, 8 ch     forward                        - numpy   default      69.2         68.9-70.9     0.0
   1 pool 26x26, 8 ch     forward                        - rust    default       3.7           3.7-3.7     0.0
   1 pool 26x26, 8 ch     downstream                     - numpy   default      35.8         35.6-36.4     0.0
   1 pool 26x26, 8 ch     downstream                     - rust    default       5.1           5.1-5.1     0.0
   1 pool 26x26, 8 ch     forward_batch                 32 numpy   default    1225.6     1221.4-1232.8     0.0
   1 pool 26x26, 8 ch     forward_batch                 32 rust    default     110.5       110.3-111.2     0.0
   1 pool 26x26, 8 ch     forward_batch                512 numpy   default   20184.9   20144.7-20282.3     0.1
   1 pool 26x26, 8 ch     forward_batch                512 rust    default    2459.0     2454.4-2467.8     0.0
   1 pool 26x26, 8 ch     downstream_batch              32 numpy   default     515.6       513.9-517.4     0.0
   1 pool 26x26, 8 ch     downstream_batch              32 rust    default     155.6       155.4-157.2     0.0
   1 pool 26x26, 8 ch     downstream_batch             512 numpy   default   14366.4   14321.8-14460.1     0.0
   1 pool 26x26, 8 ch     downstream_batch             512 rust    default    3028.6     3005.0-3034.7     0.0
   1 pool 6x6, 8 ch       forward                        - numpy   default      33.5         33.4-33.9     0.0
   1 pool 6x6, 8 ch       forward                        - rust    default       0.5           0.5-0.5     0.0
   1 pool 6x6, 8 ch       downstream                     - numpy   default      18.6         18.5-19.2     0.0
   1 pool 6x6, 8 ch       downstream                     - rust    default       0.6           0.6-0.6     0.0
   1 pool 6x6, 8 ch       forward_batch                 32 numpy   default     108.3       107.9-108.5     0.0
   1 pool 6x6, 8 ch       forward_batch                 32 rust    default       8.2           8.2-8.3     0.0
   1 pool 6x6, 8 ch       forward_batch                512 numpy   default    1207.7     1203.2-1221.6     0.0
   1 pool 6x6, 8 ch       forward_batch                512 rust    default     129.4       127.6-134.2     0.0
   1 pool 6x6, 8 ch       downstream_batch              32 numpy   default      58.3         58.2-58.6     0.0
   1 pool 6x6, 8 ch       downstream_batch              32 rust    default      11.0         10.9-11.3     0.0
   1 pool 6x6, 8 ch       downstream_batch             512 numpy   default     629.2       622.5-633.5     0.0
   1 pool 6x6, 8 ch       downstream_batch             512 rust    default     178.3       178.0-179.4     0.0
   1 conv tail 32 x 5408  bare downstream               32 numpy   default      67.1         65.0-78.4     0.0
   1 conv tail 32 x 5408  bare downstream               32 rust    default     245.6       239.1-248.5     0.0
   1 conv tail 32 x 5408  bare downstream              512 numpy   default    3195.2     3187.6-3202.9     0.0
   1 conv tail 32 x 5408  bare downstream              512 rust    default    2528.5     2450.9-2540.0     0.0
   1 conv tail 32 x 5408  bare accumulate               32 numpy   default      78.0         77.5-81.7     0.0
   1 conv tail 32 x 5408  bare accumulate               32 rust    default     243.4       242.4-246.7     0.0
   1 conv tail 32 x 5408  bare accumulate              512 numpy   default    1670.2     1564.5-1683.7     0.0
   1 conv tail 32 x 5408  bare accumulate              512 rust    default    2258.2     2118.0-2706.9     0.1
   1 conv tail 32 x 5408  transpose                     32 numpy   default       0.7           0.7-0.7     0.0
   1 conv tail 32 x 5408  transpose                     32 rust    default       0.8           0.8-0.9     0.0
   1 conv tail 32 x 5408  transpose                    512 numpy   default      11.8         11.7-12.0     0.0
   1 conv tail 32 x 5408  transpose                    512 rust    default      14.2         14.2-14.3     0.0
   1 conv tail 32 x 5408  add                           32 numpy   default      78.0         77.9-78.4     0.0
   1 conv tail 32 x 5408  add                           32 rust    default      63.2         63.0-63.9     0.0
   1 conv tail 32 x 5408  add                          512 numpy   default      80.8         80.6-81.3     0.0
   1 conv tail 32 x 5408  add                          512 rust    default      62.9         62.8-63.0     0.0
   1 conv tail 32 x 5408  sum_axis0                     32 numpy   default       1.4           1.4-1.4     0.0
   1 conv tail 32 x 5408  sum_axis0                     32 rust    default       0.4           0.4-0.4     0.0
   1 conv tail 32 x 5408  sum_axis0                    512 numpy   default      10.6         10.3-10.6     0.0
   1 conv tail 32 x 5408  sum_axis0                    512 rust    default       4.7           4.7-4.7     0.0
   1 dense 30 x 784       bare downstream               32 numpy   default      24.1         24.0-24.3     0.0
   1 dense 30 x 784       bare downstream               32 rust    default      34.0         33.1-34.2     0.0
   1 dense 30 x 784       bare downstream              512 numpy   default     135.9       111.1-138.6     0.0
   1 dense 30 x 784       bare downstream              512 rust    default     243.6       235.6-245.4     0.0
   1 dense 30 x 784       bare accumulate               32 numpy   default      29.3         29.2-29.9     0.0
   1 dense 30 x 784       bare accumulate               32 rust    default      30.5         29.3-30.9     0.0
   1 dense 30 x 784       bare accumulate              512 numpy   default     194.0       166.4-195.9     0.0
   1 dense 30 x 784       bare accumulate              512 rust    default     284.5       278.8-296.1     0.0
   1 dense 30 x 784       transpose                     32 numpy   default       0.7           0.7-0.7     0.0
   1 dense 30 x 784       transpose                     32 rust    default       0.8           0.8-0.8     0.0
   1 dense 30 x 784       transpose                    512 numpy   default       7.2           7.2-7.4     0.0
   1 dense 30 x 784       transpose                    512 rust    default      13.2         13.1-13.3     0.0
   1 dense 30 x 784       add                           32 numpy   default      13.5         13.5-13.6     0.0
   1 dense 30 x 784       add                           32 rust    default       8.8           8.7-8.9     0.0
   1 dense 30 x 784       add                          512 numpy   default       9.0           9.0-9.1     0.0
   1 dense 30 x 784       add                          512 rust    default       8.8           8.7-8.8     0.0
   1 dense 30 x 784       sum_axis0                     32 numpy   default       1.4           1.4-1.5     0.0
   1 dense 30 x 784       sum_axis0                     32 rust    default       0.4           0.4-0.4     0.0
   1 dense 30 x 784       sum_axis0                    512 numpy   default      10.9         10.7-10.9     0.0
   1 dense 30 x 784       sum_axis0                    512 rust    default       4.3           4.3-4.3     0.0
   1 dense 10 x 30        bare downstream               32 numpy   default       1.8           1.7-1.8     0.0
   1 dense 10 x 30        bare downstream               32 rust    default       1.1           1.1-1.1     0.0
   1 dense 10 x 30        bare downstream              512 numpy   default      12.2         12.1-12.5     0.0
   1 dense 10 x 30        bare downstream              512 rust    default      15.5         15.3-15.7     0.0
   1 dense 10 x 30        bare accumulate               32 numpy   default       1.7           1.7-1.8     0.0
   1 dense 10 x 30        bare accumulate               32 rust    default       1.2           1.2-1.2     0.0
   1 dense 10 x 30        bare accumulate              512 numpy   default      13.4         13.3-13.6     0.0
   1 dense 10 x 30        bare accumulate              512 rust    default      25.6         25.6-25.8     0.0
   1 dense 10 x 30        transpose                     32 numpy   default       0.4           0.4-0.4     0.0
   1 dense 10 x 30        transpose                     32 rust    default       0.4           0.4-0.4     0.0
   1 dense 10 x 30        transpose                    512 numpy   default       2.9           2.9-3.0     0.0
   1 dense 10 x 30        transpose                    512 rust    default       4.0           4.0-4.1     0.0
   1 dense 10 x 30        add                           32 numpy   default       0.4           0.4-0.4     0.0
   1 dense 10 x 30        add                           32 rust    default       0.2           0.2-0.2     0.0
   1 dense 10 x 30        add                          512 numpy   default       0.4           0.4-0.4     0.0
   1 dense 10 x 30        add                          512 rust    default       0.2           0.2-0.2     0.0
   1 dense 10 x 30        sum_axis0                     32 numpy   default       1.3           1.3-1.3     0.0
   1 dense 10 x 30        sum_axis0                     32 rust    default       0.3           0.3-0.3     0.0
   1 dense 10 x 30        sum_axis0                    512 numpy   default       9.1           9.0-9.2     0.0
   1 dense 10 x 30        sum_axis0                    512 rust    default       3.0           2.9-3.0     0.0
   2 conv tail 32 x 5408  forward                        - rust    default      20.8         20.7-21.1     0.0
   2 conv tail 32 x 5408  forward                        - numpy   default      26.9         26.8-27.0     0.0
   2 conv tail 32 x 5408  downstream                     - rust    default      20.9         20.8-21.2     0.0
   2 conv tail 32 x 5408  downstream                     - numpy   default      23.6         23.5-23.6     0.0
   2 conv tail 32 x 5408  hidden_delta                   - rust    default      23.0         22.9-23.0     0.0
   2 conv tail 32 x 5408  hidden_delta                   - numpy   default      31.8         31.7-32.3     0.0
   2 conv tail 32 x 5408  accumulate_gradient            - rust    default      57.0         56.9-57.1     0.0
   2 conv tail 32 x 5408  accumulate_gradient            - numpy   default      84.2         84.0-85.2     0.0
   2 conv tail 32 x 5408  apply_accumulated_gradient     - rust    default     106.3       106.1-106.5     0.0
   2 conv tail 32 x 5408  apply_accumulated_gradient     - numpy   default     180.1       179.8-180.2     0.0
   2 conv tail 32 x 5408  sgd step                       - rust    default      58.7         58.6-59.5     0.0
   2 conv tail 32 x 5408  sgd step                       - numpy   default     268.5       268.0-269.4     0.0
   2 conv tail 32 x 5408  forward_batch                 32 rust    default     375.4       372.8-379.4     0.0
   2 conv tail 32 x 5408  forward_batch                 32 numpy   default     157.8       146.6-160.0     0.0
   2 conv tail 32 x 5408  forward_batch                512 rust    default    1829.6     1679.3-1906.6     0.1
   2 conv tail 32 x 5408  forward_batch                512 numpy   default    1174.1     1163.3-1189.3     0.0
   2 conv tail 32 x 5408  downstream_batch              32 rust    default     247.2       241.4-249.7     0.0
   2 conv tail 32 x 5408  downstream_batch              32 numpy   default      78.3         66.3-79.0     0.0
   2 conv tail 32 x 5408  downstream_batch             512 rust    default    2470.8     2451.9-2742.8     0.1
   2 conv tail 32 x 5408  downstream_batch             512 numpy   default    3281.1     3275.6-3352.1     0.0
   2 conv tail 32 x 5408  hidden_delta_batch            32 rust    default     314.4       310.5-317.9     0.0
   2 conv tail 32 x 5408  hidden_delta_batch            32 numpy   default     654.7       645.2-670.4   322.0
   2 conv tail 32 x 5408  hidden_delta_batch           512 rust    default    5864.4     5766.5-6053.2     0.0
   2 conv tail 32 x 5408  hidden_delta_batch           512 numpy   default   12452.5   12422.8-12498.9   537.5
   2 conv tail 32 x 5408  accumulate_gradient_batch     32 rust    default     278.5       274.5-283.7     0.0
   2 conv tail 32 x 5408  accumulate_gradient_batch     32 numpy   default     165.1       161.3-167.2     0.0
   2 conv tail 32 x 5408  accumulate_gradient_batch    512 rust    default    2343.8     2204.3-3147.9     0.1
   2 conv tail 32 x 5408  accumulate_gradient_batch    512 numpy   default    1878.2     1875.9-1888.6     0.0
   2 dense 30 x 784       forward                        - rust    default       2.3           2.2-2.3     0.0
   2 dense 30 x 784       forward                        - numpy   default       9.0           9.0-9.0     0.0
   2 dense 30 x 784       downstream                     - rust    default       2.6           2.6-2.8     0.0
   2 dense 30 x 784       downstream                     - numpy   default       3.6           3.5-3.6     0.0
   2 dense 30 x 784       hidden_delta                   - rust    default       3.2           3.1-3.2     0.0
   2 dense 30 x 784       hidden_delta                   - numpy   default       6.6           6.6-6.7     0.0
   2 dense 30 x 784       accumulate_gradient            - rust    default       7.0           6.9-7.1     0.0
   2 dense 30 x 784       accumulate_gradient            - numpy   default      25.9         25.9-26.0     0.0
   2 dense 30 x 784       apply_accumulated_gradient     - rust    default      16.5         16.4-16.8     0.0
   2 dense 30 x 784       apply_accumulated_gradient     - numpy   default      30.8         30.7-30.8     0.0
   2 dense 30 x 784       sgd step                       - rust    default       7.4           7.3-7.5     0.0
   2 dense 30 x 784       sgd step                       - numpy   default      61.3         61.1-61.4     0.0
   2 dense 30 x 784       forward_batch                 32 rust    default      44.2         43.4-44.5     0.0
   2 dense 30 x 784       forward_batch                 32 numpy   default      37.7         37.6-38.1     0.0
   2 dense 30 x 784       forward_batch                512 rust    default     326.5       322.5-359.1     0.0
   2 dense 30 x 784       forward_batch                512 numpy   default     267.4       265.4-268.4     0.0
   2 dense 30 x 784       downstream_batch              32 rust    default      29.2         28.5-29.5     0.0
   2 dense 30 x 784       downstream_batch              32 numpy   default      23.5         23.5-23.6     0.0
   2 dense 30 x 784       downstream_batch             512 rust    default     244.0       242.2-250.6     0.0
   2 dense 30 x 784       downstream_batch             512 numpy   default     131.5       130.8-133.5     0.0
   2 dense 30 x 784       hidden_delta_batch            32 rust    default      38.6         38.2-38.8     0.0
   2 dense 30 x 784       hidden_delta_batch            32 numpy   default      58.0         58.0-58.2     0.0
   2 dense 30 x 784       hidden_delta_batch           512 rust    default     531.5       512.7-653.6     0.0
   2 dense 30 x 784       hidden_delta_batch           512 numpy   default    1733.6     1724.7-1743.8   768.0
   2 dense 30 x 784       accumulate_gradient_batch     32 rust    default      40.8         40.0-41.5     0.0
   2 dense 30 x 784       accumulate_gradient_batch     32 numpy   default      39.6         39.5-40.3     0.0
   2 dense 30 x 784       accumulate_gradient_batch    512 rust    default     322.7       311.7-335.2     0.0
   2 dense 30 x 784       accumulate_gradient_batch    512 numpy   default     222.1       217.4-223.7     0.0
   2 dense 10 x 30        forward                        - rust    default       0.3           0.3-0.3     0.0
   2 dense 10 x 30        forward                        - numpy   default       4.4           4.3-4.5     0.0
   2 dense 10 x 30        downstream                     - rust    default       0.2           0.2-0.2     0.0
   2 dense 10 x 30        downstream                     - numpy   default       0.8           0.8-0.9     0.0
   2 dense 10 x 30        hidden_delta                   - rust    default       0.4           0.4-0.4     0.0
   2 dense 10 x 30        hidden_delta                   - numpy   default       2.3           2.2-2.3     0.0
   2 dense 10 x 30        accumulate_gradient            - rust    default       0.4           0.4-0.4     0.0
   2 dense 10 x 30        accumulate_gradient            - numpy   default       2.8           2.8-2.8     0.0
   2 dense 10 x 30        apply_accumulated_gradient     - rust    default       2.2           2.2-2.2     0.0
   2 dense 10 x 30        apply_accumulated_gradient     - numpy   default       4.6           4.5-4.7     0.0
   2 dense 10 x 30        sgd step                       - rust    default       0.5           0.5-0.5     0.0
   2 dense 10 x 30        sgd step                       - numpy   default       8.2           8.1-8.3     0.0
   2 dense 10 x 30        forward_batch                 32 rust    default       3.1           3.1-3.1     0.0
   2 dense 10 x 30        forward_batch                 32 numpy   default       9.8           9.7-9.9     0.0
   2 dense 10 x 30        forward_batch                512 rust    default      48.1         47.6-49.3     0.0
   2 dense 10 x 30        forward_batch                512 numpy   default      55.4         54.0-55.9     0.0
   2 dense 10 x 30        downstream_batch              32 rust    default       1.1           1.1-1.2     0.0
   2 dense 10 x 30        downstream_batch              32 numpy   default       1.8           1.8-1.8     0.0
   2 dense 10 x 30        downstream_batch             512 rust    default      16.1         15.9-16.2     0.0
   2 dense 10 x 30        downstream_batch             512 numpy   default      12.1         12.0-12.3     0.0
   2 dense 10 x 30        hidden_delta_batch            32 rust    default       1.7           1.7-1.7     0.0
   2 dense 10 x 30        hidden_delta_batch            32 numpy   default       4.8           4.8-4.9     0.0
   2 dense 10 x 30        hidden_delta_batch           512 rust    default      22.5         22.3-22.6     0.0
   2 dense 10 x 30        hidden_delta_batch           512 numpy   default      34.1         34.1-34.2     0.0
   2 dense 10 x 30        accumulate_gradient_batch     32 rust    default       1.9           1.9-2.0     0.0
   2 dense 10 x 30        accumulate_gradient_batch     32 numpy   default       4.4           4.3-4.5     0.0
   2 dense 10 x 30        accumulate_gradient_batch    512 rust    default      32.9         32.8-32.9     0.0
   2 dense 10 x 30        accumulate_gradient_batch    512 numpy   default      24.8         24.7-25.1     0.0
   2 conv 28x28, 8 ch     forward                        - rust    default      21.7         21.5-21.9     0.0
   2 conv 28x28, 8 ch     forward                        - numpy   default      51.5         51.4-51.6     0.0
   2 conv 28x28, 8 ch     downstream                     - rust    default      17.2         17.1-17.5     0.0
   2 conv 28x28, 8 ch     downstream                     - numpy   default      38.1         37.5-38.5     0.0
   2 conv 28x28, 8 ch     accumulate_gradient            - rust    default      15.8         15.7-15.9     0.0
   2 conv 28x28, 8 ch     accumulate_gradient            - numpy   default      36.0         35.1-36.5     0.0
   2 conv 28x28, 8 ch     forward_batch                 32 rust    default     654.4       643.4-656.5     0.0
   2 conv 28x28, 8 ch     forward_batch                 32 numpy   default     932.1       925.6-956.6   144.4
   2 conv 28x28, 8 ch     forward_batch                512 rust    default   10647.1   10571.7-15275.1   676.0
   2 conv 28x28, 8 ch     forward_batch                512 numpy   default   17177.6   16477.9-17770.0   282.7
   2 conv 28x28, 8 ch     downstream_batch              32 rust    default     575.5       568.3-585.2     0.0
   2 conv 28x28, 8 ch     downstream_batch              32 numpy   default     579.4       578.6-580.5     0.0
   2 conv 28x28, 8 ch     downstream_batch             512 rust    default   11236.0   11043.0-11375.5     0.0
   2 conv 28x28, 8 ch     downstream_batch             512 numpy   default   16555.5   16517.7-16766.6     0.0
   2 conv 28x28, 8 ch     accumulate_gradient_batch     32 rust    default     528.4       526.6-538.0     0.0
   2 conv 28x28, 8 ch     accumulate_gradient_batch     32 numpy   default    1180.3     1179.4-1185.7     0.0
   2 conv 28x28, 8 ch     accumulate_gradient_batch    512 rust    default   11772.5   11723.0-12150.1     0.0
   2 conv 28x28, 8 ch     accumulate_gradient_batch    512 numpy   default   21777.1   21600.9-21910.4     0.0
   2 conv 8x8, 8 ch       forward                        - rust    default       1.6           1.6-1.7     0.0
   2 conv 8x8, 8 ch       forward                        - numpy   default      26.9         26.7-27.1     0.0
   2 conv 8x8, 8 ch       downstream                     - rust    default       1.2           1.1-1.2     0.0
   2 conv 8x8, 8 ch       downstream                     - numpy   default      20.6         20.6-20.8     0.0
   2 conv 8x8, 8 ch       accumulate_gradient            - rust    default       1.2           1.2-1.2     0.0
   2 conv 8x8, 8 ch       accumulate_gradient            - numpy   default       7.4           7.3-7.5     0.0
   2 conv 8x8, 8 ch       forward_batch                 32 rust    default      37.2         36.6-37.5     0.0
   2 conv 8x8, 8 ch       forward_batch                 32 numpy   default      71.8         71.6-72.7     0.0
   2 conv 8x8, 8 ch       forward_batch                512 rust    default     573.4       568.9-577.1     0.0
   2 conv 8x8, 8 ch       forward_batch                512 numpy   default     873.5       861.6-891.9   123.4
   2 conv 8x8, 8 ch       downstream_batch              32 rust    default      27.9         27.4-28.0     0.0
   2 conv 8x8, 8 ch       downstream_batch              32 numpy   default      64.1         63.6-64.4     0.0
   2 conv 8x8, 8 ch       downstream_batch             512 rust    default     458.0       454.6-465.1     0.0
   2 conv 8x8, 8 ch       downstream_batch             512 numpy   default     681.6       679.1-685.2     0.0
   2 conv 8x8, 8 ch       accumulate_gradient_batch     32 rust    default      27.6         27.5-28.0     0.0
   2 conv 8x8, 8 ch       accumulate_gradient_batch     32 numpy   default      92.7         90.8-93.8     0.0
   2 conv 8x8, 8 ch       accumulate_gradient_batch    512 rust    default     462.8       462.2-465.5     0.0
   2 conv 8x8, 8 ch       accumulate_gradient_batch    512 numpy   default    1378.2     1365.0-1397.1     0.0
   2 conv 13x13x8, 8 ch   forward                        - rust    default      21.5         21.5-21.7     0.0
   2 conv 13x13x8, 8 ch   forward                        - numpy   default      48.2         48.1-48.5     0.0
   2 conv 13x13x8, 8 ch   downstream                     - rust    default      12.1         12.0-12.2     0.0
   2 conv 13x13x8, 8 ch   downstream                     - numpy   default      51.0         50.8-51.1     0.0
   2 conv 13x13x8, 8 ch   accumulate_gradient            - rust    default       4.9           4.9-5.1     0.0
   2 conv 13x13x8, 8 ch   accumulate_gradient            - numpy   default      23.8         23.6-24.1     0.0
   2 conv 13x13x8, 8 ch   forward_batch                 32 rust    default     649.1       647.0-663.2     0.0
   2 conv 13x13x8, 8 ch   forward_batch                 32 numpy   default     999.7      980.7-1004.7   372.3
   2 conv 13x13x8, 8 ch   forward_batch                512 rust    default   18747.2   18693.8-18762.3  8713.0
   2 conv 13x13x8, 8 ch   forward_batch                512 numpy   default   14071.5   13883.1-14230.4   253.2
   2 conv 13x13x8, 8 ch   downstream_batch              32 rust    default     394.5       391.1-396.0     0.0
   2 conv 13x13x8, 8 ch   downstream_batch              32 numpy   default     888.3       887.5-890.7     0.0
   2 conv 13x13x8, 8 ch   downstream_batch             512 rust    default   10293.3    9963.3-11051.6  8713.0
   2 conv 13x13x8, 8 ch   downstream_batch             512 numpy   default   25441.1   25390.6-25769.6    26.0
   2 conv 13x13x8, 8 ch   accumulate_gradient_batch     32 rust    default     165.4       165.2-165.8     0.0
   2 conv 13x13x8, 8 ch   accumulate_gradient_batch     32 numpy   default     598.8       594.6-611.5     0.0
   2 conv 13x13x8, 8 ch   accumulate_gradient_batch    512 rust    default    2646.5     2632.2-2656.3     0.1
   2 conv 13x13x8, 8 ch   accumulate_gradient_batch    512 numpy   default   10487.5   10395.0-10612.4     0.0
   2 conv 26x26x8/2, 8 ch forward                        - rust    default      25.6         25.4-25.8     0.0
   2 conv 26x26x8/2, 8 ch forward                        - numpy   default      52.3         52.2-52.5     0.0
   2 conv 26x26x8/2, 8 ch downstream                     - rust    default      14.4         14.3-14.5     0.0
   2 conv 26x26x8/2, 8 ch downstream                     - numpy   default      58.0         57.8-58.9     0.0
   2 conv 26x26x8/2, 8 ch accumulate_gradient            - rust    default       5.8           5.7-5.8     0.0
   2 conv 26x26x8/2, 8 ch accumulate_gradient            - numpy   default      26.3         26.0-27.3     0.0
   2 conv 26x26x8/2, 8 ch forward_batch                 32 rust    default     773.9       758.3-778.5     0.0
   2 conv 26x26x8/2, 8 ch forward_batch                 32 numpy   default    1223.2     1203.8-1256.4   445.4
   2 conv 26x26x8/2, 8 ch forward_batch                512 rust    default   22707.7   22629.9-22970.9 10369.0
   2 conv 26x26x8/2, 8 ch forward_batch                512 numpy   default   17282.0   16980.5-17420.1   376.1
   2 conv 26x26x8/2, 8 ch downstream_batch              32 rust    default     489.8       484.4-497.1     0.0
   2 conv 26x26x8/2, 8 ch downstream_batch              32 numpy   default    1200.2     1198.2-1212.5     0.0
   2 conv 26x26x8/2, 8 ch downstream_batch             512 rust    default   13582.8   12699.4-14392.2 10369.0
   2 conv 26x26x8/2, 8 ch downstream_batch             512 numpy   default   43005.7   42812.1-43450.9   660.0
   2 conv 26x26x8/2, 8 ch accumulate_gradient_batch     32 rust    default     206.7       206.4-208.3     0.0
   2 conv 26x26x8/2, 8 ch accumulate_gradient_batch     32 numpy   default     707.9       702.5-713.2     0.0
   2 conv 26x26x8/2, 8 ch accumulate_gradient_batch    512 rust    default    3136.8     3112.1-3151.6     0.1
   2 conv 26x26x8/2, 8 ch accumulate_gradient_batch    512 numpy   default   12460.4   12414.3-12522.7     0.0
   2 conv 26x26x8, 8 ch   forward                        - rust    default      98.1        97.8-100.1     0.0
   2 conv 26x26x8, 8 ch   forward                        - numpy   default     125.5       123.1-126.6     0.0
   2 conv 26x26x8, 8 ch   downstream                     - rust    default      58.7         57.4-59.3     0.0
   2 conv 26x26x8, 8 ch   downstream                     - numpy   default     139.9       139.6-140.3     0.0
   2 conv 26x26x8, 8 ch   accumulate_gradient            - rust    default      24.8         24.8-24.9     0.0
   2 conv 26x26x8, 8 ch   accumulate_gradient            - numpy   default      91.1         89.1-91.4     0.0
   2 conv 26x26x8, 8 ch   forward_batch                 32 rust    default    3118.0     3107.9-3718.1    72.0
   2 conv 26x26x8, 8 ch   forward_batch                 32 numpy   default    4147.2     3835.8-4274.2   414.3
   2 conv 26x26x8, 8 ch   forward_batch                512 rust    default   86333.4   86160.1-86768.7 41473.0
   2 conv 26x26x8, 8 ch   forward_batch                512 numpy   default   66019.5   65475.7-67656.9   309.1
   2 conv 26x26x8, 8 ch   downstream_batch              32 rust    default    2510.4     2478.7-2564.5     0.0
   2 conv 26x26x8, 8 ch   downstream_batch              32 numpy   default    4611.6     4559.8-4673.5     0.0
   2 conv 26x26x8, 8 ch   downstream_batch             512 rust    default   42248.2   41704.9-44868.0 41473.0
   2 conv 26x26x8, 8 ch   downstream_batch             512 numpy   default  114794.8 114595.2-116097.4    82.0
   2 conv 26x26x8, 8 ch   accumulate_gradient_batch     32 rust    default     699.9       686.2-725.6     0.0
   2 conv 26x26x8, 8 ch   accumulate_gradient_batch     32 numpy   default    3015.7     2964.6-3072.1     0.0
   2 conv 26x26x8, 8 ch   accumulate_gradient_batch    512 rust    default   12154.4   12086.9-12200.5     0.3
   2 conv 26x26x8, 8 ch   accumulate_gradient_batch    512 numpy   default   50909.1   50688.7-51234.3     0.0
   2 pool 26x26, 8 ch     forward                        - rust    default       3.7           3.7-3.8     0.0
   2 pool 26x26, 8 ch     forward                        - numpy   default      70.3         70.1-71.3     0.0
   2 pool 26x26, 8 ch     downstream                     - rust    default       5.2           5.1-5.3     0.0
   2 pool 26x26, 8 ch     downstream                     - numpy   default      35.6         35.4-36.3     0.0
   2 pool 26x26, 8 ch     forward_batch                 32 rust    default     110.4       110.2-111.2     0.0
   2 pool 26x26, 8 ch     forward_batch                 32 numpy   default    1223.2     1217.1-1235.2     0.0
   2 pool 26x26, 8 ch     forward_batch                512 rust    default    2425.0     2415.7-2458.5     0.0
   2 pool 26x26, 8 ch     forward_batch                512 numpy   default   20244.1   20177.4-20388.9     0.1
   2 pool 26x26, 8 ch     downstream_batch              32 rust    default     157.2       157.0-158.0     0.0
   2 pool 26x26, 8 ch     downstream_batch              32 numpy   default     514.0       512.3-521.5     0.0
   2 pool 26x26, 8 ch     downstream_batch             512 rust    default    3033.9     3020.1-3066.1     0.0
   2 pool 26x26, 8 ch     downstream_batch             512 numpy   default   14319.9   14247.1-14463.2     0.0
   2 pool 6x6, 8 ch       forward                        - rust    default       0.5           0.5-0.5     0.0
   2 pool 6x6, 8 ch       forward                        - numpy   default      34.1         33.9-34.3     0.0
   2 pool 6x6, 8 ch       downstream                     - rust    default       0.6           0.6-0.6     0.0
   2 pool 6x6, 8 ch       downstream                     - numpy   default      18.9         18.7-19.1     0.0
   2 pool 6x6, 8 ch       forward_batch                 32 rust    default       8.2           8.2-8.3     0.0
   2 pool 6x6, 8 ch       forward_batch                 32 numpy   default     108.8       108.3-110.3     0.0
   2 pool 6x6, 8 ch       forward_batch                512 rust    default     129.9       127.8-131.1     0.0
   2 pool 6x6, 8 ch       forward_batch                512 numpy   default    1206.6     1203.8-1207.9     0.0
   2 pool 6x6, 8 ch       downstream_batch              32 rust    default      11.1         11.0-11.2     0.0
   2 pool 6x6, 8 ch       downstream_batch              32 numpy   default      58.5         58.3-58.6     0.0
   2 pool 6x6, 8 ch       downstream_batch             512 rust    default     177.1       176.6-178.6     0.0
   2 pool 6x6, 8 ch       downstream_batch             512 numpy   default     624.8       624.4-644.7     0.0
   2 conv tail 32 x 5408  bare downstream               32 rust    default     243.8       241.9-247.4     0.0
   2 conv tail 32 x 5408  bare downstream               32 numpy   default      68.5         64.4-80.1     0.0
   2 conv tail 32 x 5408  bare downstream              512 rust    default    2480.9     2462.4-2555.0     0.0
   2 conv tail 32 x 5408  bare downstream              512 numpy   default    3233.8     3224.4-3279.4     0.0
   2 conv tail 32 x 5408  bare accumulate               32 rust    default     241.6       238.5-244.2     0.0
   2 conv tail 32 x 5408  bare accumulate               32 numpy   default      77.9         72.8-80.2     0.0
   2 conv tail 32 x 5408  bare accumulate              512 rust    default    2248.1     2055.1-3134.8     0.0
   2 conv tail 32 x 5408  bare accumulate              512 numpy   default    1650.4     1624.6-1661.7     0.0
   2 conv tail 32 x 5408  transpose                     32 rust    default       0.8           0.8-0.8     0.0
   2 conv tail 32 x 5408  transpose                     32 numpy   default       0.7           0.7-0.7     0.0
   2 conv tail 32 x 5408  transpose                    512 rust    default      14.6         14.6-14.7     0.0
   2 conv tail 32 x 5408  transpose                    512 numpy   default      13.5         13.4-13.6     0.0
   2 conv tail 32 x 5408  add                           32 rust    default      63.2         63.1-63.7     0.0
   2 conv tail 32 x 5408  add                           32 numpy   default      78.1         77.9-79.5     0.0
   2 conv tail 32 x 5408  add                          512 rust    default      62.9         62.6-63.9     0.0
   2 conv tail 32 x 5408  add                          512 numpy   default      80.8         80.7-81.2     0.0
   2 conv tail 32 x 5408  sum_axis0                     32 rust    default       0.4           0.4-0.4     0.0
   2 conv tail 32 x 5408  sum_axis0                     32 numpy   default       1.4           1.4-1.4     0.0
   2 conv tail 32 x 5408  sum_axis0                    512 rust    default       4.7           4.7-4.8     0.0
   2 conv tail 32 x 5408  sum_axis0                    512 numpy   default      10.3         10.2-10.4     0.0
   2 dense 30 x 784       bare downstream               32 rust    default      32.8         32.4-33.1     0.0
   2 dense 30 x 784       bare downstream               32 numpy   default      24.1         24.1-24.2     0.0
   2 dense 30 x 784       bare downstream              512 rust    default     242.9       237.9-261.2     0.0
   2 dense 30 x 784       bare downstream              512 numpy   default     140.1       136.1-146.4     0.0
   2 dense 30 x 784       bare accumulate               32 rust    default      30.2         29.3-30.4     0.0
   2 dense 30 x 784       bare accumulate               32 numpy   default      29.1         29.1-29.3     0.0
   2 dense 30 x 784       bare accumulate              512 rust    default     289.6       282.5-314.0     0.0
   2 dense 30 x 784       bare accumulate              512 numpy   default     194.3       164.9-195.8     0.0
   2 dense 30 x 784       transpose                     32 rust    default       0.8           0.8-0.8     0.0
   2 dense 30 x 784       transpose                     32 numpy   default       0.7           0.7-0.7     0.0
   2 dense 30 x 784       transpose                    512 rust    default      12.8         12.8-12.9     0.0
   2 dense 30 x 784       transpose                    512 numpy   default       7.2           7.2-7.3     0.0
   2 dense 30 x 784       add                           32 rust    default       9.5           9.5-9.5     0.0
   2 dense 30 x 784       add                           32 numpy   default      13.8         13.7-13.9     0.0
   2 dense 30 x 784       add                          512 rust    default       9.4           9.4-9.4     0.0
   2 dense 30 x 784       add                          512 numpy   default       8.8           8.7-8.8     0.0
   2 dense 30 x 784       sum_axis0                     32 rust    default       0.4           0.4-0.4     0.0
   2 dense 30 x 784       sum_axis0                     32 numpy   default       1.5           1.5-1.5     0.0
   2 dense 30 x 784       sum_axis0                    512 rust    default       4.3           4.2-4.3     0.0
   2 dense 30 x 784       sum_axis0                    512 numpy   default      10.9         10.8-11.1     0.0
   2 dense 10 x 30        bare downstream               32 rust    default       1.1           1.1-1.1     0.0
   2 dense 10 x 30        bare downstream               32 numpy   default       1.8           1.7-1.8     0.0
   2 dense 10 x 30        bare downstream              512 rust    default      15.4         15.3-15.5     0.0
   2 dense 10 x 30        bare downstream              512 numpy   default      12.4         12.4-12.4     0.0
   2 dense 10 x 30        bare accumulate               32 rust    default       1.2           1.2-1.2     0.0
   2 dense 10 x 30        bare accumulate               32 numpy   default       1.8           1.8-1.8     0.0
   2 dense 10 x 30        bare accumulate              512 rust    default      28.4         28.4-29.1     0.0
   2 dense 10 x 30        bare accumulate              512 numpy   default      13.4         13.4-13.4     0.0
   2 dense 10 x 30        transpose                     32 rust    default       0.4           0.4-0.4     0.0
   2 dense 10 x 30        transpose                     32 numpy   default       0.5           0.4-0.5     0.0
   2 dense 10 x 30        transpose                    512 rust    default       4.0           4.0-4.1     0.0
   2 dense 10 x 30        transpose                    512 numpy   default       2.9           2.9-3.0     0.0
   2 dense 10 x 30        add                           32 rust    default       0.2           0.2-0.2     0.0
   2 dense 10 x 30        add                           32 numpy   default       0.4           0.4-0.4     0.0
   2 dense 10 x 30        add                          512 rust    default       0.2           0.2-0.2     0.0
   2 dense 10 x 30        add                          512 numpy   default       0.4           0.4-0.4     0.0
   2 dense 10 x 30        sum_axis0                     32 rust    default       0.3           0.3-0.3     0.0
   2 dense 10 x 30        sum_axis0                     32 numpy   default       1.3           1.3-1.3     0.0
   2 dense 10 x 30        sum_axis0                    512 rust    default       3.0           2.9-3.0     0.0
   2 dense 10 x 30        sum_axis0                    512 numpy   default       9.1           8.9-9.2     0.0
