µs per call inside one Rust training run, median (min-max over 2 processes), threads training's

| architecture | trainer | overrides | op | argument shapes | calls | median µs | s in run |
|---|---|---|---|---|---|---|---|
| conv | mini-batch (32) | 0:0 | (whole run, s) | | | 0.339 (0.329-0.349) | |
| conv | mini-batch (32) | 0:0 | conv_accumulate_gradient_batch | (32, 5408) (21632, 9) (8, 9) (8,) | 62 | 572 (567-576) | 0.035-0.036 |
| conv | mini-batch (32) | 0:0 | conv_accumulate_gradient_batch | (16, 5408) (10816, 9) (8, 9) (8,) | 1 | 279 (278-281) | 0.000-0.000 |
| conv-pool-conv | mini-batch (32) | 0:0 | (whole run, s) | | | 0.441 (0.440-0.442) | |
| conv-pool-conv | mini-batch (32) | 0:0 | conv_accumulate_gradient_batch | (32, 5408) (21632, 9) (8, 9) (8,) | 62 | 589 (586-591) | 0.036-0.037 |
| conv-pool-conv | mini-batch (32) | 0:0 | conv_accumulate_gradient_batch | (32, 968) (3872, 72) (8, 72) (8,) | 62 | 239 (238-239) | 0.015-0.015 |
| conv-pool-conv | mini-batch (32) | 0:0 | conv_accumulate_gradient_batch | (16, 5408) (10816, 9) (8, 9) (8,) | 1 | 300 (283-316) | 0.000-0.000 |
| conv-pool-conv | mini-batch (32) | 0:0 | conv_accumulate_gradient_batch | (16, 968) (1936, 72) (8, 72) (8,) | 1 | 102 (100-104) | 0.000-0.000 |
| conv-conv-stride2 | mini-batch (32) | 0:0 | (whole run, s) | | | 0.449 (0.445-0.453) | |
| conv-conv-stride2 | mini-batch (32) | 0:0 | conv_accumulate_gradient_batch | (32, 5408) (21632, 9) (8, 9) (8,) | 62 | 574 (572-576) | 0.036-0.036 |
| conv-conv-stride2 | mini-batch (32) | 0:0 | conv_accumulate_gradient_batch | (32, 1152) (4608, 72) (8, 72) (8,) | 62 | 289 (285-294) | 0.018-0.018 |
| conv-conv-stride2 | mini-batch (32) | 0:0 | conv_accumulate_gradient_batch | (16, 5408) (10816, 9) (8, 9) (8,) | 1 | 296 (281-311) | 0.000-0.000 |
| conv-conv-stride2 | mini-batch (32) | 0:0 | conv_accumulate_gradient_batch | (16, 1152) (2304, 72) (8, 72) (8,) | 1 | 129 (127-130) | 0.000-0.000 |
| conv-conv | mini-batch (32) | 0:0 | (whole run, s) | | | 1.289 (1.288-1.290) | |
| conv-conv | mini-batch (32) | 0:0 | conv_accumulate_gradient_batch | (32, 5408) (21632, 9) (8, 9) (8,) | 62 | 696 (695-696) | 0.043-0.043 |
| conv-conv | mini-batch (32) | 0:0 | conv_accumulate_gradient_batch | (32, 4608) (18432, 72) (8, 72) (8,) | 62 | 947 (946-949) | 0.059-0.059 |
| conv-conv | mini-batch (32) | 0:0 | conv_accumulate_gradient_batch | (16, 5408) (10816, 9) (8, 9) (8,) | 1 | 347 (320-373) | 0.000-0.000 |
| conv-conv | mini-batch (32) | 0:0 | conv_accumulate_gradient_batch | (16, 4608) (9216, 72) (8, 72) (8,) | 1 | 729 (722-736) | 0.001-0.001 |
| conv-conv16 | mini-batch (32) | 0:0 | (whole run, s) | | | 1.353 (1.353-1.353) | |
| conv-conv16 | mini-batch (32) | 0:0 | conv_accumulate_gradient_batch | (32, 5408) (21632, 9) (8, 9) (8,) | 62 | 684 (679-689) | 0.042-0.042 |
| conv-conv16 | mini-batch (32) | 0:0 | conv_accumulate_gradient_batch | (32, 9216) (18432, 72) (16, 72) (16,) | 62 | 1267 (1263-1272) | 0.078-0.079 |
| conv-conv16 | mini-batch (32) | 0:0 | conv_accumulate_gradient_batch | (16, 5408) (10816, 9) (8, 9) (8,) | 1 | 357 (325-389) | 0.000-0.000 |
| conv-conv16 | mini-batch (32) | 0:0 | conv_accumulate_gradient_batch | (16, 9216) (9216, 72) (16, 72) (16,) | 1 | 747 (707-786) | 0.001-0.001 |
