Rust op seconds in one profiled training run, min-max over 3 processes

| architecture | trainer | op | seconds | calls |
|---|---|---|---|---|
| conv | single-example | (profiled total) | 0.557-0.575 | |
| conv | single-example | layer_forward | 0.1299-0.1408 | 12000 |
| conv | single-example | conv_forward_batch | 0.1298-0.1306 | 6000 |
| conv | single-example | layer_sgd_step | 0.1180-0.1208 | 4000 |
| conv | single-example | layer_downstream | 0.0438-0.0472 | 2000 |
| conv | single-example | conv_accumulate_gradient_batch | 0.0338-0.0340 | 2000 |
| conv | single-example | array_relu_mask | 0.0044-0.0047 | 2000 |
| conv | single-example | Array.row | 0.0045-0.0047 | 6000 |
| conv | single-example | layer_apply_accumulated_gradient | 0.0009-0.0010 | 2000 |
| conv | single-example | layer_hidden_delta | 0.0009-0.0009 | 2000 |
| conv | single-example | argmax | 0.0006-0.0007 | 4000 |
| conv | single-example | layer_output_delta | 0.0005-0.0005 | 2000 |
| conv | single-example | Array.copy | 0.0002-0.0002 | 18 |
| conv | single-example | default_rng | 0.0000-0.0000 | 1 |
| conv | mini-batch (32) | (profiled total) | 0.354-0.373 | |
| conv | mini-batch (32) | conv_forward_batch | 0.1278-0.1289 | 4063 |
| conv | mini-batch (32) | layer_forward | 0.0804-0.0937 | 8000 |
| conv | mini-batch (32) | conv_accumulate_gradient_batch | 0.0354-0.0357 | 63 |
| conv | mini-batch (32) | layer_forward_batch | 0.0228-0.0248 | 126 |
| conv | mini-batch (32) | layer_accumulate_gradient_batch | 0.0189-0.0192 | 126 |
| conv | mini-batch (32) | layer_downstream_batch | 0.0139-0.0142 | 63 |
| conv | mini-batch (32) | array_relu_mask | 0.0052-0.0056 | 63 |
| conv | mini-batch (32) | layer_apply_accumulated_gradient | 0.0053-0.0055 | 189 |
| conv | mini-batch (32) | Array.row | 0.0029-0.0029 | 4000 |
| conv | mini-batch (32) | Array.take_rows | 0.0012-0.0012 | 63 |
| conv | mini-batch (32) | argmax | 0.0006-0.0007 | 4000 |
| conv | mini-batch (32) | Array.copy | 0.0003-0.0003 | 24 |
| conv | mini-batch (32) | layer_hidden_delta_batch | 0.0001-0.0001 | 63 |
| conv | mini-batch (32) | layer_output_delta | 0.0000-0.0000 | 63 |
| conv | mini-batch (32) | default_rng | 0.0000-0.0000 | 1 |
| conv-pool-conv | single-example | (profiled total) | 0.566-0.570 | |
| conv-pool-conv | single-example | conv_forward_batch | 0.2598-0.2606 | 12000 |
| conv-pool-conv | single-example | conv_accumulate_gradient_batch | 0.0465-0.0471 | 4000 |
| conv-pool-conv | single-example | layer_forward | 0.0303-0.0314 | 12000 |
| conv-pool-conv | single-example | conv_downstream_batch | 0.0253-0.0256 | 2000 |
| conv-pool-conv | single-example | max_pool_forward_batch | 0.0238-0.0240 | 6000 |
| conv-pool-conv | single-example | layer_sgd_step | 0.0217-0.0225 | 4000 |
| conv-pool-conv | single-example | max_pool_downstream_batch | 0.0109-0.0111 | 2000 |
| conv-pool-conv | single-example | layer_downstream | 0.0082-0.0087 | 2000 |
| conv-pool-conv | single-example | array_relu_mask | 0.0050-0.0053 | 4000 |
| conv-pool-conv | single-example | Array.row | 0.0044-0.0047 | 6000 |
| conv-pool-conv | single-example | layer_apply_accumulated_gradient | 0.0025-0.0026 | 4000 |
| conv-pool-conv | single-example | layer_hidden_delta | 0.0010-0.0011 | 2000 |
| conv-pool-conv | single-example | argmax | 0.0006-0.0007 | 4000 |
| conv-pool-conv | single-example | layer_output_delta | 0.0006-0.0006 | 2000 |
| conv-pool-conv | single-example | Array.copy | 0.0001-0.0001 | 24 |
| conv-pool-conv | single-example | default_rng | 0.0000-0.0000 | 1 |
| conv-pool-conv | mini-batch (32) | (profiled total) | 0.458-0.461 | |
| conv-pool-conv | mini-batch (32) | conv_forward_batch | 0.2588-0.2592 | 8126 |
| conv-pool-conv | mini-batch (32) | conv_accumulate_gradient_batch | 0.0508-0.0509 | 126 |
| conv-pool-conv | mini-batch (32) | conv_downstream_batch | 0.0277-0.0279 | 63 |
| conv-pool-conv | mini-batch (32) | max_pool_forward_batch | 0.0232-0.0234 | 4063 |
| conv-pool-conv | mini-batch (32) | layer_forward | 0.0190-0.0207 | 8000 |
| conv-pool-conv | mini-batch (32) | max_pool_downstream_batch | 0.0105-0.0105 | 63 |
| conv-pool-conv | mini-batch (32) | array_relu_mask | 0.0073-0.0075 | 126 |
| conv-pool-conv | mini-batch (32) | layer_forward_batch | 0.0043-0.0043 | 126 |
| conv-pool-conv | mini-batch (32) | layer_accumulate_gradient_batch | 0.0041-0.0041 | 126 |
| conv-pool-conv | mini-batch (32) | Array.row | 0.0029-0.0031 | 4000 |
| conv-pool-conv | mini-batch (32) | layer_downstream_batch | 0.0027-0.0028 | 63 |
| conv-pool-conv | mini-batch (32) | Array.take_rows | 0.0013-0.0014 | 63 |
| conv-pool-conv | mini-batch (32) | layer_apply_accumulated_gradient | 0.0013-0.0013 | 252 |
| conv-pool-conv | mini-batch (32) | argmax | 0.0006-0.0007 | 4000 |
| conv-pool-conv | mini-batch (32) | layer_hidden_delta_batch | 0.0001-0.0001 | 63 |
| conv-pool-conv | mini-batch (32) | Array.copy | 0.0001-0.0001 | 32 |
| conv-pool-conv | mini-batch (32) | layer_output_delta | 0.0000-0.0001 | 63 |
| conv-pool-conv | mini-batch (32) | default_rng | 0.0000-0.0000 | 1 |
| conv-conv-stride2 | single-example | (profiled total) | 0.560-0.561 | |
| conv-conv-stride2 | single-example | conv_forward_batch | 0.2820-0.2833 | 12000 |
| conv-conv-stride2 | single-example | conv_accumulate_gradient_batch | 0.0486-0.0488 | 4000 |
| conv-conv-stride2 | single-example | layer_forward | 0.0340-0.0365 | 12000 |
| conv-conv-stride2 | single-example | conv_downstream_batch | 0.0311-0.0314 | 2000 |
| conv-conv-stride2 | single-example | layer_sgd_step | 0.0252-0.0261 | 4000 |
| conv-conv-stride2 | single-example | layer_downstream | 0.0096-0.0104 | 2000 |
| conv-conv-stride2 | single-example | array_relu_mask | 0.0054-0.0055 | 4000 |
| conv-conv-stride2 | single-example | Array.row | 0.0044-0.0050 | 6000 |
| conv-conv-stride2 | single-example | layer_apply_accumulated_gradient | 0.0024-0.0024 | 4000 |
| conv-conv-stride2 | single-example | layer_hidden_delta | 0.0009-0.0010 | 2000 |
| conv-conv-stride2 | single-example | argmax | 0.0006-0.0007 | 4000 |
| conv-conv-stride2 | single-example | layer_output_delta | 0.0006-0.0006 | 2000 |
| conv-conv-stride2 | single-example | Array.copy | 0.0001-0.0001 | 24 |
| conv-conv-stride2 | single-example | default_rng | 0.0000-0.0000 | 1 |
| conv-conv-stride2 | mini-batch (32) | (profiled total) | 0.469-0.471 | |
| conv-conv-stride2 | mini-batch (32) | conv_forward_batch | 0.2847-0.2856 | 8126 |
| conv-conv-stride2 | mini-batch (32) | conv_accumulate_gradient_batch | 0.0537-0.0540 | 126 |
| conv-conv-stride2 | mini-batch (32) | conv_downstream_batch | 0.0395-0.0398 | 63 |
| conv-conv-stride2 | mini-batch (32) | layer_forward | 0.0224-0.0236 | 8000 |
| conv-conv-stride2 | mini-batch (32) | array_relu_mask | 0.0069-0.0071 | 126 |
| conv-conv-stride2 | mini-batch (32) | layer_forward_batch | 0.0050-0.0050 | 126 |
| conv-conv-stride2 | mini-batch (32) | layer_accumulate_gradient_batch | 0.0047-0.0048 | 126 |
| conv-conv-stride2 | mini-batch (32) | layer_downstream_batch | 0.0033-0.0033 | 63 |
| conv-conv-stride2 | mini-batch (32) | Array.row | 0.0029-0.0029 | 4000 |
| conv-conv-stride2 | mini-batch (32) | layer_apply_accumulated_gradient | 0.0015-0.0016 | 252 |
| conv-conv-stride2 | mini-batch (32) | Array.take_rows | 0.0013-0.0014 | 63 |
| conv-conv-stride2 | mini-batch (32) | argmax | 0.0006-0.0007 | 4000 |
| conv-conv-stride2 | mini-batch (32) | layer_hidden_delta_batch | 0.0001-0.0001 | 63 |
| conv-conv-stride2 | mini-batch (32) | Array.copy | 0.0001-0.0001 | 24 |
| conv-conv-stride2 | mini-batch (32) | layer_output_delta | 0.0000-0.0000 | 63 |
| conv-conv-stride2 | mini-batch (32) | default_rng | 0.0000-0.0000 | 1 |
| conv-conv | single-example | (profiled total) | 1.310-1.354 | |
| conv-conv | single-example | conv_forward_batch | 0.7134-0.7183 | 12000 |
| conv-conv | single-example | layer_forward | 0.1173-0.1364 | 12000 |
| conv-conv | single-example | conv_downstream_batch | 0.1135-0.1187 | 2000 |
| conv-conv | single-example | layer_sgd_step | 0.1001-0.1044 | 4000 |
| conv-conv | single-example | conv_accumulate_gradient_batch | 0.0839-0.0866 | 4000 |
| conv-conv | single-example | layer_downstream | 0.0452-0.0511 | 2000 |
| conv-conv | single-example | array_relu_mask | 0.0082-0.0088 | 4000 |
| conv-conv | single-example | Array.row | 0.0046-0.0047 | 6000 |
| conv-conv | single-example | layer_apply_accumulated_gradient | 0.0024-0.0026 | 4000 |
| conv-conv | single-example | layer_hidden_delta | 0.0009-0.0010 | 2000 |
| conv-conv | single-example | layer_output_delta | 0.0005-0.0007 | 2000 |
| conv-conv | single-example | argmax | 0.0006-0.0006 | 4000 |
| conv-conv | single-example | Array.copy | 0.0002-0.0002 | 24 |
| conv-conv | single-example | default_rng | 0.0000-0.0000 | 1 |
| conv-conv | mini-batch (32) | (profiled total) | 1.302-1.306 | |
| conv-conv | mini-batch (32) | conv_forward_batch | 0.7691-0.7715 | 8126 |
| conv-conv | mini-batch (32) | conv_downstream_batch | 0.1818-0.1831 | 63 |
| conv-conv | mini-batch (32) | conv_accumulate_gradient_batch | 0.0987-0.0992 | 126 |
| conv-conv | mini-batch (32) | layer_forward | 0.0787-0.0830 | 8000 |
| conv-conv | mini-batch (32) | layer_accumulate_gradient_batch | 0.0282-0.0289 | 126 |
| conv-conv | mini-batch (32) | layer_forward_batch | 0.0252-0.0258 | 126 |
| conv-conv | mini-batch (32) | layer_downstream_batch | 0.0212-0.0214 | 63 |
| conv-conv | mini-batch (32) | array_relu_mask | 0.0164-0.0167 | 126 |
| conv-conv | mini-batch (32) | layer_apply_accumulated_gradient | 0.0074-0.0075 | 252 |
| conv-conv | mini-batch (32) | Array.row | 0.0029-0.0031 | 4000 |
| conv-conv | mini-batch (32) | Array.take_rows | 0.0017-0.0019 | 63 |
| conv-conv | mini-batch (32) | Array.copy | 0.0007-0.0007 | 24 |
| conv-conv | mini-batch (32) | argmax | 0.0006-0.0007 | 4000 |
| conv-conv | mini-batch (32) | layer_hidden_delta_batch | 0.0002-0.0002 | 63 |
| conv-conv | mini-batch (32) | layer_output_delta | 0.0001-0.0001 | 63 |
| conv-conv | mini-batch (32) | default_rng | 0.0000-0.0000 | 1 |
| conv-conv16 | single-example | (profiled total) | 1.683-1.706 | |
| conv-conv16 | single-example | conv_forward_batch | 0.6797-0.6910 | 12000 |
| conv-conv16 | single-example | layer_forward | 0.2411-0.2487 | 12000 |
| conv-conv16 | single-example | layer_sgd_step | 0.2270-0.2293 | 4000 |
| conv-conv16 | single-example | conv_downstream_batch | 0.1611-0.1630 | 2000 |
| conv-conv16 | single-example | conv_accumulate_gradient_batch | 0.1277-0.1293 | 4000 |
| conv-conv16 | single-example | layer_downstream | 0.0939-0.0952 | 2000 |
| conv-conv16 | single-example | array_relu_mask | 0.0122-0.0123 | 4000 |
| conv-conv16 | single-example | Array.row | 0.0047-0.0048 | 6000 |
| conv-conv16 | single-example | layer_apply_accumulated_gradient | 0.0031-0.0032 | 4000 |
| conv-conv16 | single-example | layer_hidden_delta | 0.0010-0.0010 | 2000 |
| conv-conv16 | single-example | Array.copy | 0.0008-0.0010 | 24 |
| conv-conv16 | single-example | argmax | 0.0006-0.0007 | 4000 |
| conv-conv16 | single-example | layer_output_delta | 0.0006-0.0006 | 2000 |
| conv-conv16 | single-example | default_rng | 0.0000-0.0000 | 1 |
| conv-conv16 | mini-batch (32) | (profiled total) | 1.380-1.392 | |
| conv-conv16 | mini-batch (32) | conv_forward_batch | 0.7128-0.7150 | 8126 |
| conv-conv16 | mini-batch (32) | conv_downstream_batch | 0.1901-0.1930 | 63 |
| conv-conv16 | mini-batch (32) | layer_forward | 0.1656-0.1771 | 8000 |
| conv-conv16 | mini-batch (32) | conv_accumulate_gradient_batch | 0.1175-0.1195 | 126 |
| conv-conv16 | mini-batch (32) | layer_accumulate_gradient_batch | 0.0285-0.0293 | 126 |
| conv-conv16 | mini-batch (32) | layer_forward_batch | 0.0268-0.0270 | 126 |
| conv-conv16 | mini-batch (32) | layer_downstream_batch | 0.0245-0.0254 | 63 |
| conv-conv16 | mini-batch (32) | array_relu_mask | 0.0240-0.0243 | 126 |
| conv-conv16 | mini-batch (32) | layer_apply_accumulated_gradient | 0.0170-0.0172 | 252 |
| conv-conv16 | mini-batch (32) | Array.row | 0.0029-0.0033 | 4000 |
| conv-conv16 | mini-batch (32) | Array.take_rows | 0.0017-0.0018 | 63 |
| conv-conv16 | mini-batch (32) | Array.copy | 0.0009-0.0011 | 24 |
| conv-conv16 | mini-batch (32) | argmax | 0.0006-0.0007 | 4000 |
| conv-conv16 | mini-batch (32) | layer_hidden_delta_batch | 0.0002-0.0002 | 63 |
| conv-conv16 | mini-batch (32) | layer_output_delta | 0.0001-0.0001 | 63 |
| conv-conv16 | mini-batch (32) | default_rng | 0.0000-0.0000 | 1 |
