Rust op seconds in one profiled training run, min-max over 3 processes

| architecture | trainer | op | seconds | calls |
|---|---|---|---|---|
| conv | single-example | (profiled total) | 0.543-0.561 | |
| conv | single-example | layer_forward | 0.1217-0.1306 | 12000 |
| conv | single-example | conv_forward_batch | 0.1290-0.1300 | 6000 |
| conv | single-example | layer_sgd_step | 0.1175-0.1207 | 4000 |
| conv | single-example | layer_downstream | 0.0412-0.0441 | 2000 |
| conv | single-example | conv_accumulate_gradient_batch | 0.0339-0.0341 | 2000 |
| conv | single-example | Array.row | 0.0045-0.0047 | 6000 |
| conv | single-example | array_relu_mask | 0.0044-0.0045 | 2000 |
| conv | single-example | layer_apply_accumulated_gradient | 0.0009-0.0009 | 2000 |
| conv | single-example | layer_hidden_delta | 0.0008-0.0009 | 2000 |
| conv | single-example | argmax | 0.0006-0.0006 | 4000 |
| conv | single-example | layer_output_delta | 0.0005-0.0006 | 2000 |
| conv | single-example | Array.copy | 0.0002-0.0002 | 18 |
| conv | single-example | default_rng | 0.0000-0.0000 | 1 |
| conv | mini-batch (32) | (profiled total) | 0.353-0.357 | |
| conv | mini-batch (32) | conv_forward_batch | 0.1277-0.1284 | 4063 |
| conv | mini-batch (32) | layer_forward | 0.0789-0.0792 | 8000 |
| conv | mini-batch (32) | conv_accumulate_gradient_batch | 0.0354-0.0356 | 63 |
| conv | mini-batch (32) | layer_forward_batch | 0.0228-0.0234 | 126 |
| conv | mini-batch (32) | layer_accumulate_gradient_batch | 0.0188-0.0191 | 126 |
| conv | mini-batch (32) | layer_downstream_batch | 0.0139-0.0140 | 63 |
| conv | mini-batch (32) | layer_apply_accumulated_gradient | 0.0053-0.0055 | 189 |
| conv | mini-batch (32) | array_relu_mask | 0.0052-0.0053 | 63 |
| conv | mini-batch (32) | Array.row | 0.0027-0.0028 | 4000 |
| conv | mini-batch (32) | Array.take_rows | 0.0012-0.0012 | 63 |
| conv | mini-batch (32) | argmax | 0.0006-0.0007 | 4000 |
| conv | mini-batch (32) | Array.copy | 0.0003-0.0003 | 24 |
| conv | mini-batch (32) | layer_hidden_delta_batch | 0.0001-0.0001 | 63 |
| conv | mini-batch (32) | layer_output_delta | 0.0000-0.0000 | 63 |
| conv | mini-batch (32) | default_rng | 0.0000-0.0000 | 1 |
| conv-pool-conv | single-example | (profiled total) | 0.558-0.570 | |
| conv-pool-conv | single-example | conv_forward_batch | 0.2591-0.2605 | 12000 |
| conv-pool-conv | single-example | conv_accumulate_gradient_batch | 0.0461-0.0470 | 4000 |
| conv-pool-conv | single-example | layer_forward | 0.0284-0.0321 | 12000 |
| conv-pool-conv | single-example | conv_downstream_batch | 0.0251-0.0255 | 2000 |
| conv-pool-conv | single-example | max_pool_forward_batch | 0.0238-0.0239 | 6000 |
| conv-pool-conv | single-example | layer_sgd_step | 0.0210-0.0224 | 4000 |
| conv-pool-conv | single-example | max_pool_downstream_batch | 0.0109-0.0111 | 2000 |
| conv-pool-conv | single-example | layer_downstream | 0.0077-0.0085 | 2000 |
| conv-pool-conv | single-example | array_relu_mask | 0.0051-0.0053 | 4000 |
| conv-pool-conv | single-example | Array.row | 0.0043-0.0047 | 6000 |
| conv-pool-conv | single-example | layer_apply_accumulated_gradient | 0.0025-0.0026 | 4000 |
| conv-pool-conv | single-example | layer_hidden_delta | 0.0010-0.0011 | 2000 |
| conv-pool-conv | single-example | argmax | 0.0007-0.0007 | 4000 |
| conv-pool-conv | single-example | layer_output_delta | 0.0006-0.0006 | 2000 |
| conv-pool-conv | single-example | Array.copy | 0.0001-0.0001 | 24 |
| conv-pool-conv | single-example | default_rng | 0.0000-0.0000 | 1 |
| conv-pool-conv | mini-batch (32) | (profiled total) | 0.455-0.457 | |
| conv-pool-conv | mini-batch (32) | conv_forward_batch | 0.2580-0.2592 | 8126 |
| conv-pool-conv | mini-batch (32) | conv_accumulate_gradient_batch | 0.0502-0.0507 | 126 |
| conv-pool-conv | mini-batch (32) | conv_downstream_batch | 0.0272-0.0274 | 63 |
| conv-pool-conv | mini-batch (32) | max_pool_forward_batch | 0.0231-0.0232 | 4063 |
| conv-pool-conv | mini-batch (32) | layer_forward | 0.0179-0.0187 | 8000 |
| conv-pool-conv | mini-batch (32) | max_pool_downstream_batch | 0.0105-0.0105 | 63 |
| conv-pool-conv | mini-batch (32) | array_relu_mask | 0.0071-0.0072 | 126 |
| conv-pool-conv | mini-batch (32) | layer_forward_batch | 0.0043-0.0043 | 126 |
| conv-pool-conv | mini-batch (32) | layer_accumulate_gradient_batch | 0.0040-0.0041 | 126 |
| conv-pool-conv | mini-batch (32) | Array.row | 0.0028-0.0030 | 4000 |
| conv-pool-conv | mini-batch (32) | layer_downstream_batch | 0.0027-0.0027 | 63 |
| conv-pool-conv | mini-batch (32) | Array.take_rows | 0.0013-0.0013 | 63 |
| conv-pool-conv | mini-batch (32) | layer_apply_accumulated_gradient | 0.0013-0.0013 | 252 |
| conv-pool-conv | mini-batch (32) | argmax | 0.0006-0.0006 | 4000 |
| conv-pool-conv | mini-batch (32) | layer_hidden_delta_batch | 0.0001-0.0001 | 63 |
| conv-pool-conv | mini-batch (32) | Array.copy | 0.0001-0.0001 | 32 |
| conv-pool-conv | mini-batch (32) | layer_output_delta | 0.0000-0.0000 | 63 |
| conv-pool-conv | mini-batch (32) | default_rng | 0.0000-0.0000 | 1 |
| conv-conv-stride2 | single-example | (profiled total) | 0.548-0.551 | |
| conv-conv-stride2 | single-example | conv_forward_batch | 0.2805-0.2815 | 12000 |
| conv-conv-stride2 | single-example | conv_accumulate_gradient_batch | 0.0479-0.0480 | 4000 |
| conv-conv-stride2 | single-example | layer_forward | 0.0324-0.0336 | 12000 |
| conv-conv-stride2 | single-example | conv_downstream_batch | 0.0306-0.0307 | 2000 |
| conv-conv-stride2 | single-example | layer_sgd_step | 0.0245-0.0249 | 4000 |
| conv-conv-stride2 | single-example | layer_downstream | 0.0090-0.0092 | 2000 |
| conv-conv-stride2 | single-example | array_relu_mask | 0.0052-0.0053 | 4000 |
| conv-conv-stride2 | single-example | Array.row | 0.0043-0.0045 | 6000 |
| conv-conv-stride2 | single-example | layer_apply_accumulated_gradient | 0.0023-0.0025 | 4000 |
| conv-conv-stride2 | single-example | layer_hidden_delta | 0.0009-0.0010 | 2000 |
| conv-conv-stride2 | single-example | argmax | 0.0006-0.0006 | 4000 |
| conv-conv-stride2 | single-example | layer_output_delta | 0.0006-0.0006 | 2000 |
| conv-conv-stride2 | single-example | Array.copy | 0.0001-0.0001 | 24 |
| conv-conv-stride2 | single-example | default_rng | 0.0000-0.0000 | 1 |
| conv-conv-stride2 | mini-batch (32) | (profiled total) | 0.464-0.467 | |
| conv-conv-stride2 | mini-batch (32) | conv_forward_batch | 0.2836-0.2852 | 8126 |
| conv-conv-stride2 | mini-batch (32) | conv_accumulate_gradient_batch | 0.0530-0.0537 | 126 |
| conv-conv-stride2 | mini-batch (32) | conv_downstream_batch | 0.0389-0.0391 | 63 |
| conv-conv-stride2 | mini-batch (32) | layer_forward | 0.0211-0.0221 | 8000 |
| conv-conv-stride2 | mini-batch (32) | array_relu_mask | 0.0069-0.0069 | 126 |
| conv-conv-stride2 | mini-batch (32) | layer_forward_batch | 0.0050-0.0050 | 126 |
| conv-conv-stride2 | mini-batch (32) | layer_accumulate_gradient_batch | 0.0047-0.0048 | 126 |
| conv-conv-stride2 | mini-batch (32) | layer_downstream_batch | 0.0033-0.0033 | 63 |
| conv-conv-stride2 | mini-batch (32) | Array.row | 0.0028-0.0029 | 4000 |
| conv-conv-stride2 | mini-batch (32) | layer_apply_accumulated_gradient | 0.0015-0.0015 | 252 |
| conv-conv-stride2 | mini-batch (32) | Array.take_rows | 0.0013-0.0013 | 63 |
| conv-conv-stride2 | mini-batch (32) | argmax | 0.0006-0.0007 | 4000 |
| conv-conv-stride2 | mini-batch (32) | layer_hidden_delta_batch | 0.0001-0.0001 | 63 |
| conv-conv-stride2 | mini-batch (32) | Array.copy | 0.0001-0.0001 | 24 |
| conv-conv-stride2 | mini-batch (32) | layer_output_delta | 0.0000-0.0000 | 63 |
| conv-conv-stride2 | mini-batch (32) | default_rng | 0.0000-0.0000 | 1 |
| conv-conv | single-example | (profiled total) | 1.310-1.313 | |
| conv-conv | single-example | conv_forward_batch | 0.7158-0.7176 | 12000 |
| conv-conv | single-example | layer_forward | 0.1177-0.1182 | 12000 |
| conv-conv | single-example | conv_downstream_batch | 0.1129-0.1139 | 2000 |
| conv-conv | single-example | layer_sgd_step | 0.0996-0.0998 | 4000 |
| conv-conv | single-example | conv_accumulate_gradient_batch | 0.0837-0.0841 | 4000 |
| conv-conv | single-example | layer_downstream | 0.0451-0.0454 | 2000 |
| conv-conv | single-example | array_relu_mask | 0.0081-0.0081 | 4000 |
| conv-conv | single-example | Array.row | 0.0046-0.0046 | 6000 |
| conv-conv | single-example | layer_apply_accumulated_gradient | 0.0024-0.0025 | 4000 |
| conv-conv | single-example | layer_hidden_delta | 0.0009-0.0010 | 2000 |
| conv-conv | single-example | argmax | 0.0006-0.0007 | 4000 |
| conv-conv | single-example | layer_output_delta | 0.0005-0.0006 | 2000 |
| conv-conv | single-example | Array.copy | 0.0002-0.0002 | 24 |
| conv-conv | single-example | default_rng | 0.0000-0.0000 | 1 |
| conv-conv | mini-batch (32) | (profiled total) | 1.294-1.302 | |
| conv-conv | mini-batch (32) | conv_forward_batch | 0.7671-0.7718 | 8126 |
| conv-conv | mini-batch (32) | conv_downstream_batch | 0.1805-0.1822 | 63 |
| conv-conv | mini-batch (32) | conv_accumulate_gradient_batch | 0.0984-0.0993 | 126 |
| conv-conv | mini-batch (32) | layer_forward | 0.0773-0.0840 | 8000 |
| conv-conv | mini-batch (32) | layer_accumulate_gradient_batch | 0.0282-0.0288 | 126 |
| conv-conv | mini-batch (32) | layer_forward_batch | 0.0247-0.0255 | 126 |
| conv-conv | mini-batch (32) | layer_downstream_batch | 0.0209-0.0213 | 63 |
| conv-conv | mini-batch (32) | array_relu_mask | 0.0161-0.0164 | 126 |
| conv-conv | mini-batch (32) | layer_apply_accumulated_gradient | 0.0076-0.0079 | 252 |
| conv-conv | mini-batch (32) | Array.row | 0.0030-0.0030 | 4000 |
| conv-conv | mini-batch (32) | Array.take_rows | 0.0016-0.0017 | 63 |
| conv-conv | mini-batch (32) | Array.copy | 0.0007-0.0007 | 24 |
| conv-conv | mini-batch (32) | argmax | 0.0006-0.0007 | 4000 |
| conv-conv | mini-batch (32) | layer_hidden_delta_batch | 0.0002-0.0002 | 63 |
| conv-conv | mini-batch (32) | layer_output_delta | 0.0001-0.0001 | 63 |
| conv-conv | mini-batch (32) | default_rng | 0.0000-0.0000 | 1 |
| conv-conv16 | single-example | (profiled total) | 1.643-1.651 | |
| conv-conv16 | single-example | conv_forward_batch | 0.6724-0.6771 | 12000 |
| conv-conv16 | single-example | layer_sgd_step | 0.2208-0.2231 | 4000 |
| conv-conv16 | single-example | layer_forward | 0.2209-0.2218 | 12000 |
| conv-conv16 | single-example | conv_downstream_batch | 0.1582-0.1598 | 2000 |
| conv-conv16 | single-example | conv_accumulate_gradient_batch | 0.1258-0.1263 | 4000 |
| conv-conv16 | single-example | layer_downstream | 0.0884-0.1004 | 2000 |
| conv-conv16 | single-example | array_relu_mask | 0.0117-0.0118 | 4000 |
| conv-conv16 | single-example | Array.row | 0.0046-0.0048 | 6000 |
| conv-conv16 | single-example | layer_apply_accumulated_gradient | 0.0031-0.0033 | 4000 |
| conv-conv16 | single-example | layer_hidden_delta | 0.0009-0.0010 | 2000 |
| conv-conv16 | single-example | Array.copy | 0.0008-0.0008 | 24 |
| conv-conv16 | single-example | layer_output_delta | 0.0006-0.0006 | 2000 |
| conv-conv16 | single-example | argmax | 0.0006-0.0006 | 4000 |
| conv-conv16 | single-example | default_rng | 0.0000-0.0000 | 1 |
| conv-conv16 | mini-batch (32) | (profiled total) | 1.367-1.386 | |
| conv-conv16 | mini-batch (32) | conv_forward_batch | 0.7008-0.7168 | 8126 |
| conv-conv16 | mini-batch (32) | conv_downstream_batch | 0.1907-0.1920 | 63 |
| conv-conv16 | mini-batch (32) | layer_forward | 0.1510-0.1635 | 8000 |
| conv-conv16 | mini-batch (32) | conv_accumulate_gradient_batch | 0.1183-0.1191 | 126 |
| conv-conv16 | mini-batch (32) | layer_accumulate_gradient_batch | 0.0289-0.0301 | 126 |
| conv-conv16 | mini-batch (32) | layer_forward_batch | 0.0269-0.0271 | 126 |
| conv-conv16 | mini-batch (32) | layer_downstream_batch | 0.0252-0.0270 | 63 |
| conv-conv16 | mini-batch (32) | array_relu_mask | 0.0242-0.0244 | 126 |
| conv-conv16 | mini-batch (32) | layer_apply_accumulated_gradient | 0.0170-0.0172 | 252 |
| conv-conv16 | mini-batch (32) | Array.row | 0.0030-0.0030 | 4000 |
| conv-conv16 | mini-batch (32) | Array.take_rows | 0.0017-0.0018 | 63 |
| conv-conv16 | mini-batch (32) | Array.copy | 0.0010-0.0011 | 24 |
| conv-conv16 | mini-batch (32) | argmax | 0.0006-0.0007 | 4000 |
| conv-conv16 | mini-batch (32) | layer_hidden_delta_batch | 0.0002-0.0002 | 63 |
| conv-conv16 | mini-batch (32) | layer_output_delta | 0.0001-0.0001 | 63 |
| conv-conv16 | mini-batch (32) | default_rng | 0.0000-0.0000 | 1 |
