Rust op seconds in one profiled training run, min-max over 3 processes

| architecture | trainer | op | seconds | calls |
|---|---|---|---|---|
| conv | single-example | (profiled total) | 0.559-0.576 | |
| conv | single-example | layer_forward | 0.1304-0.1406 | 12000 |
| conv | single-example | conv_forward_batch | 0.1293-0.1297 | 6000 |
| conv | single-example | layer_sgd_step | 0.1200-0.1219 | 4000 |
| conv | single-example | layer_downstream | 0.0438-0.0482 | 2000 |
| conv | single-example | conv_accumulate_gradient_batch | 0.0340-0.0341 | 2000 |
| conv | single-example | array_relu_mask | 0.0045-0.0048 | 2000 |
| conv | single-example | Array.row | 0.0045-0.0046 | 6000 |
| conv | single-example | layer_hidden_delta | 0.0009-0.0010 | 2000 |
| conv | single-example | layer_apply_accumulated_gradient | 0.0009-0.0010 | 2000 |
| conv | single-example | argmax | 0.0006-0.0007 | 4000 |
| conv | single-example | layer_output_delta | 0.0005-0.0006 | 2000 |
| conv | single-example | Array.copy | 0.0002-0.0002 | 18 |
| conv | single-example | default_rng | 0.0000-0.0000 | 1 |
| conv | mini-batch (32) | (profiled total) | 0.353-0.355 | |
| conv | mini-batch (32) | conv_forward_batch | 0.1278-0.1282 | 4063 |
| conv | mini-batch (32) | layer_forward | 0.0798-0.0804 | 8000 |
| conv | mini-batch (32) | conv_accumulate_gradient_batch | 0.0352-0.0354 | 63 |
| conv | mini-batch (32) | layer_forward_batch | 0.0227-0.0229 | 126 |
| conv | mini-batch (32) | layer_accumulate_gradient_batch | 0.0187-0.0189 | 126 |
| conv | mini-batch (32) | layer_downstream_batch | 0.0139-0.0140 | 63 |
| conv | mini-batch (32) | layer_apply_accumulated_gradient | 0.0053-0.0053 | 189 |
| conv | mini-batch (32) | array_relu_mask | 0.0051-0.0053 | 63 |
| conv | mini-batch (32) | Array.row | 0.0029-0.0029 | 4000 |
| conv | mini-batch (32) | Array.take_rows | 0.0012-0.0012 | 63 |
| conv | mini-batch (32) | argmax | 0.0006-0.0006 | 4000 |
| conv | mini-batch (32) | Array.copy | 0.0003-0.0003 | 24 |
| conv | mini-batch (32) | layer_hidden_delta_batch | 0.0001-0.0001 | 63 |
| conv | mini-batch (32) | layer_output_delta | 0.0000-0.0000 | 63 |
| conv | mini-batch (32) | default_rng | 0.0000-0.0000 | 1 |
| conv-pool-conv | single-example | (profiled total) | 0.558-0.566 | |
| conv-pool-conv | single-example | conv_forward_batch | 0.2589-0.2601 | 12000 |
| conv-pool-conv | single-example | conv_accumulate_gradient_batch | 0.0460-0.0465 | 4000 |
| conv-pool-conv | single-example | layer_forward | 0.0286-0.0301 | 12000 |
| conv-pool-conv | single-example | conv_downstream_batch | 0.0252-0.0254 | 2000 |
| conv-pool-conv | single-example | max_pool_forward_batch | 0.0236-0.0238 | 6000 |
| conv-pool-conv | single-example | layer_sgd_step | 0.0210-0.0219 | 4000 |
| conv-pool-conv | single-example | max_pool_downstream_batch | 0.0109-0.0110 | 2000 |
| conv-pool-conv | single-example | layer_downstream | 0.0077-0.0081 | 2000 |
| conv-pool-conv | single-example | array_relu_mask | 0.0051-0.0051 | 4000 |
| conv-pool-conv | single-example | Array.row | 0.0044-0.0045 | 6000 |
| conv-pool-conv | single-example | layer_apply_accumulated_gradient | 0.0024-0.0026 | 4000 |
| conv-pool-conv | single-example | layer_hidden_delta | 0.0010-0.0011 | 2000 |
| conv-pool-conv | single-example | argmax | 0.0006-0.0006 | 4000 |
| conv-pool-conv | single-example | layer_output_delta | 0.0006-0.0006 | 2000 |
| conv-pool-conv | single-example | Array.copy | 0.0001-0.0001 | 24 |
| conv-pool-conv | single-example | default_rng | 0.0000-0.0000 | 1 |
| conv-pool-conv | mini-batch (32) | (profiled total) | 0.456-0.457 | |
| conv-pool-conv | mini-batch (32) | conv_forward_batch | 0.2584-0.2589 | 8126 |
| conv-pool-conv | mini-batch (32) | conv_accumulate_gradient_batch | 0.0506-0.0507 | 126 |
| conv-pool-conv | mini-batch (32) | conv_downstream_batch | 0.0273-0.0275 | 63 |
| conv-pool-conv | mini-batch (32) | max_pool_forward_batch | 0.0232-0.0232 | 4063 |
| conv-pool-conv | mini-batch (32) | layer_forward | 0.0181-0.0183 | 8000 |
| conv-pool-conv | mini-batch (32) | max_pool_downstream_batch | 0.0105-0.0105 | 63 |
| conv-pool-conv | mini-batch (32) | array_relu_mask | 0.0071-0.0073 | 126 |
| conv-pool-conv | mini-batch (32) | layer_forward_batch | 0.0043-0.0043 | 126 |
| conv-pool-conv | mini-batch (32) | layer_accumulate_gradient_batch | 0.0041-0.0041 | 126 |
| conv-pool-conv | mini-batch (32) | Array.row | 0.0029-0.0030 | 4000 |
| conv-pool-conv | mini-batch (32) | layer_downstream_batch | 0.0027-0.0028 | 63 |
| conv-pool-conv | mini-batch (32) | Array.take_rows | 0.0013-0.0013 | 63 |
| conv-pool-conv | mini-batch (32) | layer_apply_accumulated_gradient | 0.0013-0.0013 | 252 |
| conv-pool-conv | mini-batch (32) | argmax | 0.0006-0.0006 | 4000 |
| conv-pool-conv | mini-batch (32) | layer_hidden_delta_batch | 0.0001-0.0001 | 63 |
| conv-pool-conv | mini-batch (32) | Array.copy | 0.0001-0.0001 | 32 |
| conv-pool-conv | mini-batch (32) | layer_output_delta | 0.0000-0.0000 | 63 |
| conv-pool-conv | mini-batch (32) | default_rng | 0.0000-0.0000 | 1 |
| conv-conv-stride2 | single-example | (profiled total) | 0.558-0.564 | |
| conv-conv-stride2 | single-example | conv_forward_batch | 0.2823-0.2854 | 12000 |
| conv-conv-stride2 | single-example | conv_accumulate_gradient_batch | 0.0483-0.0487 | 4000 |
| conv-conv-stride2 | single-example | layer_forward | 0.0346-0.0366 | 12000 |
| conv-conv-stride2 | single-example | conv_downstream_batch | 0.0309-0.0313 | 2000 |
| conv-conv-stride2 | single-example | layer_sgd_step | 0.0255-0.0260 | 4000 |
| conv-conv-stride2 | single-example | layer_downstream | 0.0096-0.0102 | 2000 |
| conv-conv-stride2 | single-example | array_relu_mask | 0.0053-0.0056 | 4000 |
| conv-conv-stride2 | single-example | Array.row | 0.0045-0.0046 | 6000 |
| conv-conv-stride2 | single-example | layer_apply_accumulated_gradient | 0.0024-0.0026 | 4000 |
| conv-conv-stride2 | single-example | layer_hidden_delta | 0.0010-0.0010 | 2000 |
| conv-conv-stride2 | single-example | argmax | 0.0006-0.0006 | 4000 |
| conv-conv-stride2 | single-example | layer_output_delta | 0.0005-0.0006 | 2000 |
| conv-conv-stride2 | single-example | Array.copy | 0.0001-0.0001 | 24 |
| conv-conv-stride2 | single-example | default_rng | 0.0000-0.0000 | 1 |
| conv-conv-stride2 | mini-batch (32) | (profiled total) | 0.466-0.475 | |
| conv-conv-stride2 | mini-batch (32) | conv_forward_batch | 0.2842-0.2877 | 8126 |
| conv-conv-stride2 | mini-batch (32) | conv_accumulate_gradient_batch | 0.0534-0.0560 | 126 |
| conv-conv-stride2 | mini-batch (32) | conv_downstream_batch | 0.0392-0.0404 | 63 |
| conv-conv-stride2 | mini-batch (32) | layer_forward | 0.0214-0.0217 | 8000 |
| conv-conv-stride2 | mini-batch (32) | array_relu_mask | 0.0068-0.0073 | 126 |
| conv-conv-stride2 | mini-batch (32) | layer_forward_batch | 0.0050-0.0052 | 126 |
| conv-conv-stride2 | mini-batch (32) | layer_accumulate_gradient_batch | 0.0047-0.0050 | 126 |
| conv-conv-stride2 | mini-batch (32) | layer_downstream_batch | 0.0033-0.0035 | 63 |
| conv-conv-stride2 | mini-batch (32) | Array.row | 0.0028-0.0029 | 4000 |
| conv-conv-stride2 | mini-batch (32) | layer_apply_accumulated_gradient | 0.0015-0.0016 | 252 |
| conv-conv-stride2 | mini-batch (32) | Array.take_rows | 0.0013-0.0014 | 63 |
| conv-conv-stride2 | mini-batch (32) | argmax | 0.0006-0.0007 | 4000 |
| conv-conv-stride2 | mini-batch (32) | layer_hidden_delta_batch | 0.0001-0.0001 | 63 |
| conv-conv-stride2 | mini-batch (32) | Array.copy | 0.0001-0.0001 | 24 |
| conv-conv-stride2 | mini-batch (32) | layer_output_delta | 0.0000-0.0001 | 63 |
| conv-conv-stride2 | mini-batch (32) | default_rng | 0.0000-0.0000 | 1 |
| conv-conv | single-example | (profiled total) | 1.315-1.334 | |
| conv-conv | single-example | conv_forward_batch | 0.7178-0.7194 | 12000 |
| conv-conv | single-example | layer_forward | 0.1191-0.1269 | 12000 |
| conv-conv | single-example | conv_downstream_batch | 0.1139-0.1158 | 2000 |
| conv-conv | single-example | layer_sgd_step | 0.0995-0.1023 | 4000 |
| conv-conv | single-example | conv_accumulate_gradient_batch | 0.0843-0.0852 | 4000 |
| conv-conv | single-example | layer_downstream | 0.0456-0.0480 | 2000 |
| conv-conv | single-example | array_relu_mask | 0.0081-0.0084 | 4000 |
| conv-conv | single-example | Array.row | 0.0046-0.0048 | 6000 |
| conv-conv | single-example | layer_apply_accumulated_gradient | 0.0024-0.0025 | 4000 |
| conv-conv | single-example | layer_hidden_delta | 0.0010-0.0010 | 2000 |
| conv-conv | single-example | argmax | 0.0006-0.0007 | 4000 |
| conv-conv | single-example | layer_output_delta | 0.0005-0.0006 | 2000 |
| conv-conv | single-example | Array.copy | 0.0002-0.0002 | 24 |
| conv-conv | single-example | default_rng | 0.0000-0.0000 | 1 |
| conv-conv | mini-batch (32) | (profiled total) | 1.298-1.316 | |
| conv-conv | mini-batch (32) | conv_forward_batch | 0.7695-0.7715 | 8126 |
| conv-conv | mini-batch (32) | conv_downstream_batch | 0.1829-0.1844 | 63 |
| conv-conv | mini-batch (32) | conv_accumulate_gradient_batch | 0.0989-0.0997 | 126 |
| conv-conv | mini-batch (32) | layer_forward | 0.0774-0.0893 | 8000 |
| conv-conv | mini-batch (32) | layer_accumulate_gradient_batch | 0.0279-0.0287 | 126 |
| conv-conv | mini-batch (32) | layer_forward_batch | 0.0253-0.0263 | 126 |
| conv-conv | mini-batch (32) | layer_downstream_batch | 0.0205-0.0207 | 63 |
| conv-conv | mini-batch (32) | array_relu_mask | 0.0162-0.0166 | 126 |
| conv-conv | mini-batch (32) | layer_apply_accumulated_gradient | 0.0074-0.0077 | 252 |
| conv-conv | mini-batch (32) | Array.row | 0.0030-0.0033 | 4000 |
| conv-conv | mini-batch (32) | Array.take_rows | 0.0017-0.0018 | 63 |
| conv-conv | mini-batch (32) | Array.copy | 0.0007-0.0007 | 24 |
| conv-conv | mini-batch (32) | argmax | 0.0006-0.0007 | 4000 |
| conv-conv | mini-batch (32) | layer_hidden_delta_batch | 0.0002-0.0002 | 63 |
| conv-conv | mini-batch (32) | layer_output_delta | 0.0001-0.0001 | 63 |
| conv-conv | mini-batch (32) | default_rng | 0.0000-0.0000 | 1 |
| conv-conv16 | single-example | (profiled total) | 1.649-1.696 | |
| conv-conv16 | single-example | conv_forward_batch | 0.6779-0.6924 | 12000 |
| conv-conv16 | single-example | layer_forward | 0.2243-0.2411 | 12000 |
| conv-conv16 | single-example | layer_sgd_step | 0.2196-0.2244 | 4000 |
| conv-conv16 | single-example | conv_downstream_batch | 0.1595-0.1608 | 2000 |
| conv-conv16 | single-example | conv_accumulate_gradient_batch | 0.1261-0.1274 | 4000 |
| conv-conv16 | single-example | layer_downstream | 0.0905-0.0947 | 2000 |
| conv-conv16 | single-example | array_relu_mask | 0.0117-0.0122 | 4000 |
| conv-conv16 | single-example | Array.row | 0.0047-0.0048 | 6000 |
| conv-conv16 | single-example | layer_apply_accumulated_gradient | 0.0031-0.0038 | 4000 |
| conv-conv16 | single-example | Array.copy | 0.0010-0.0011 | 24 |
| conv-conv16 | single-example | layer_hidden_delta | 0.0009-0.0010 | 2000 |
| conv-conv16 | single-example | argmax | 0.0006-0.0007 | 4000 |
| conv-conv16 | single-example | layer_output_delta | 0.0006-0.0007 | 2000 |
| conv-conv16 | single-example | default_rng | 0.0000-0.0000 | 1 |
| conv-conv16 | mini-batch (32) | (profiled total) | 1.361-1.379 | |
| conv-conv16 | mini-batch (32) | conv_forward_batch | 0.7004-0.7153 | 8126 |
| conv-conv16 | mini-batch (32) | conv_downstream_batch | 0.1922-0.1932 | 63 |
| conv-conv16 | mini-batch (32) | layer_forward | 0.1524-0.1581 | 8000 |
| conv-conv16 | mini-batch (32) | conv_accumulate_gradient_batch | 0.1180-0.1199 | 126 |
| conv-conv16 | mini-batch (32) | layer_accumulate_gradient_batch | 0.0292-0.0293 | 126 |
| conv-conv16 | mini-batch (32) | layer_forward_batch | 0.0270-0.0273 | 126 |
| conv-conv16 | mini-batch (32) | layer_downstream_batch | 0.0246-0.0260 | 63 |
| conv-conv16 | mini-batch (32) | array_relu_mask | 0.0238-0.0246 | 126 |
| conv-conv16 | mini-batch (32) | layer_apply_accumulated_gradient | 0.0171-0.0174 | 252 |
| conv-conv16 | mini-batch (32) | Array.row | 0.0029-0.0031 | 4000 |
| conv-conv16 | mini-batch (32) | Array.take_rows | 0.0017-0.0018 | 63 |
| conv-conv16 | mini-batch (32) | Array.copy | 0.0010-0.0011 | 24 |
| conv-conv16 | mini-batch (32) | argmax | 0.0006-0.0007 | 4000 |
| conv-conv16 | mini-batch (32) | layer_hidden_delta_batch | 0.0002-0.0002 | 63 |
| conv-conv16 | mini-batch (32) | layer_output_delta | 0.0001-0.0001 | 63 |
| conv-conv16 | mini-batch (32) | default_rng | 0.0000-0.0000 | 1 |
